[2026-01-01 08:00:00.000] !AIVDO,1,1,,A,1>pf7h000jO`<TvLW3U1hQJ1P000,0*67
[2026-01-01 08:00:00.000] $GPRMC,080000.00,A,5000.0020,N,00511.9969,W,5.0,45.0,010126,,,A*79
[2026-01-01 08:00:00.000] $GPGGA,080000.00,5000.0020,N,00511.9969,W,1,08,0.9,10.0,M,48.0,M,,*47
[2026-01-01 08:00:00.000] !AIVDM,1,1,,A,1>pf7h@01pO`ar@L`pd3Q2l1P000,0*78
[2026-01-01 08:00:00.000] $PSMT,VDI,A,1500,50,8,50,10,600,100,-91,4100,*1A
[2026-01-01 08:00:00.000] !AIVDM,2,1,0,A,5>pf7h@00001ac73341<4m0hF1HE=<Dj0tpD001600000000004hCD31H43l,0*73
[2026-01-01 08:00:00.000] !AIVDM,2,2,0,A,U0000000000,2*41
[2026-01-01 08:00:00.000] !AIVDM,1,1,,A,1>pf7hP01EOaNSfLUu<:S8L1P000,0*3D
[2026-01-01 08:00:00.000] $PSMT,VDI,A,1500,50,8,50,10,600,100,-92,4100,*19
[2026-01-01 08:00:00.000] !AIVDM,2,1,0,A,5>pf7hP00001ac73381<4m0hF1HE=<Dj1ALt000t00000000004hCD31H43l,0*14
[2026-01-01 08:00:00.000] !AIVDM,2,2,0,A,U0000000000,2*41
[2026-01-01 08:00:00.000] !AIVDM,1,1,,A,1>pf7hh00tOa=10LWj?o25`1P000,0*79
[2026-01-01 08:00:00.000] $PSMT,VDI,A,1500,50,8,50,10,600,100,-93,4100,*18
[2026-01-01 08:00:00.000] !AIVDM,2,1,0,A,5>pf7hh00001ac733<1<4m0hF1ADN1@Q8DD0000l00000000004hCD31H43l,0*39
[2026-01-01 08:00:00.000] !AIVDM,2,2,0,A,U0000000000,2*41
[2026-01-01 08:00:02.000] !AIVDO,1,1,,A,1>pf7h000jO`<UrLW3aihQJ1P000,0*0E
[2026-01-01 08:00:02.000] $GPRMC,080002.00,A,5000.0039,N,00511.9939,W,5.0,45.0,010126,,,A*76
[2026-01-01 08:00:02.000] $GPGGA,080002.00,5000.0039,N,00511.9939,W,1,08,0.9,10.0,M,48.0,M,,*48
[2026-01-01 08:00:02.000] !AIVDM,1,1,,A,1>pf7h@01pO`auPL`pd3Q2l1P000,0*6F
[2026-01-01 08:00:02.000] $PSMT,VDI,A,1500,50,8,50,10,600,100,-91,4100,*1A
[2026-01-01 08:00:02.000] !AIVDM,1,1,,A,1>pf7hP01EOaNQJLUu<:S8L1P000,0*13
[2026-01-01 08:00:02.000] $PSMT,VDI,A,1500,50,8,50,10,600,100,-92,4100,*19
[2026-01-01 08:00:02.000] !AIVDM,1,1,,A,1>pf7hh00tOa=10LWj7G25`1P000,0*59
[2026-01-01 08:00:02.000] $PSMT,VDI,A,1500,50,8,50,10,600,100,-93,4100,*18
[2026-01-01 08:00:04.000] !AIVDO,1,1,,A,1>pf7h000jO`<VpLW3fihQJ1P000,0*08
[2026-01-01 08:00:04.000] $GPRMC,080004.00,A,5000.0059,N,00511.9908,W,5.0,45.0,010126,,,A*74
[2026-01-01 08:00:04.000] $GPGGA,080004.00,5000.0059,N,00511.9908,W,1,08,0.9,10.0,M,48.0,M,,*4A
[2026-01-01 08:00:04.000] !AIVDM,1,1,,A,1>pf7h@01pO`b0fL`pd3Q2l1P000,0*1F
[2026-01-01 08:00:04.000] $PSMT,VDI,A,1500,50,8,50,10,600,100,-91,4100,*1A
[2026-01-01 08:00:04.000] !AIVDM,1,1,,A,1>pf7hP01EOaNO8LUu<:S8L1P000,0*7F
[2026-01-01 08:00:04.000] $PSMT,VDI,A,1500,50,8,50,10,600,100,-92,4100,*19
[2026-01-01 08:00:04.000] !AIVDM,1,1,,A,1>pf7hh00tOa=10LWiw725`1P000,0*6A
[2026-01-01 08:00:04.000] $PSMT,VDI,A,1500,50,8,50,10,600,100,-93,4100,*18
[2026-01-01 08:00:06.000] !AIVDO,1,1,,A,1>pf7h000jO`<WlLW3kihQJ1P000,0*18
[2026-01-01 08:00:06.000] $GPRMC,080006.00,A,5000.0079,N,00511.9878,W,5.0,45.0,010126,,,A*72
[2026-01-01 08:00:06.000] $GPGGA,080006.00,5000.0079,N,00511.9878,W,1,08,0.9,10.0,M,48.0,M,,*4C
[2026-01-01 08:00:06.000] !AIVDM,1,1,,A,1>pf7h@01pO`b3vL`pd3Q2l1P000,0*0C
[2026-01-01 08:00:06.000] $PSMT,VDI,A,1500,50,8,50,10,600,100,-91,4100,*1A
[2026-01-01 08:00:06.000] !AIVDM,1,1,,A,1>pf7hP01EOaNLlLUu<:S8L1P000,0*28
[2026-01-01 08:00:06.000] $PSMT,VDI,A,1500,50,8,50,10,600,100,-92,4100,*19
[2026-01-01 08:00:06.000] !AIVDM,1,1,,A,1>pf7hh00tOa=10LWino25`1P000,0*2B
[2026-01-01 08:00:06.000] $PSMT,VDI,A,1500,50,8,50,10,600,100,-93,4100,*18
[2026-01-01 08:00:08.000] !AIVDO,1,1,,A,1>pf7h000jO`<`jLW3pQhQJ1P000,0*0A
[2026-01-01 08:00:08.000] $GPRMC,080008.00,A,5000.0098,N,00511.9847,W,5.0,45.0,010126,,,A*7F
[2026-01-01 08:00:08.000] $GPGGA,080008.00,5000.0098,N,00511.9847,W,1,08,0.9,10.0,M,48.0,M,,*41
[2026-01-01 08:00:08.000] !AIVDM,1,1,,A,1>pf7h@01pO`b7>L`pd3Q2l1P000,0*40
[2026-01-01 08:00:08.000] $PSMT,VDI,A,1500,50,8,50,10,600,100,-91,4100,*1A
[2026-01-01 08:00:08.000] !AIVDM,1,1,,A,1>pf7hP01EOaNJRLUu<:S8L1P000,0*10
[2026-01-01 08:00:08.000] $PSMT,VDI,A,1500,50,8,50,10,600,100,-92,4100,*19
[2026-01-01 08:00:08.000] !AIVDM,1,1,,A,1>pf7hh00tOa=10LWifG25`1P000,0*0B
[2026-01-01 08:00:08.000] $PSMT,VDI,A,1500,50,8,50,10,600,100,-93,4100,*18
[2026-01-01 08:00:10.000] !AIVDO,1,1,,A,1>pf7h000jO`<afLW3uQhQJ1P000,0*02
[2026-01-01 08:00:10.000] $GPRMC,080010.00,A,5000.0118,N,00511.9817,W,5.0,45.0,010126,,,A*7A
[2026-01-01 08:00:10.000] $GPGGA,080010.00,5000.0118,N,00511.9817,W,1,08,0.9,10.0,M,48.0,M,,*44
[2026-01-01 08:00:10.000] !AIVDM,1,1,,A,1>pf7h@01pO`b:NL`pd3Q2l1P000,0*3D
[2026-01-01 08:00:10.000] $PSMT,VDI,A,1500,50,8,50,10,600,100,-91,4100,*1A
[2026-01-01 08:00:10.000] !AIVDM,1,1,,A,1>pf7hP01EOaNH>LUu<:S8L1P000,0*7E
[2026-01-01 08:00:10.000] $PSMT,VDI,A,1500,50,8,50,10,600,100,-92,4100,*19
[2026-01-01 08:00:10.000] !AIVDM,1,1,,A,1>pf7hh00tOa=10LWiV725`1P000,0*4B
[2026-01-01 08:00:10.000] $PSMT,VDI,A,1500,50,8,50,10,600,100,-93,4100,*18
[2026-01-01 08:00:12.000] !AIVDO,1,1,,A,1>pf7h000jO`<bdLW42AhQJ1P000,0*53
[2026-01-01 08:00:12.000] $GPRMC,080012.00,A,5000.0137,N,00511.9786,W,5.0,45.0,010126,,,A*72
[2026-01-01 08:00:12.000] $GPGGA,080012.00,5000.0137,N,00511.9786,W,1,08,0.9,10.0,M,48.0,M,,*4C
[2026-01-01 08:00:12.000] !AIVDM,1,1,,A,1>pf7h@01pO`b=fL`pd3Q2l1P000,0*12
[2026-01-01 08:00:12.000] $PSMT,VDI,A,1500,50,8,50,10,600,100,-91,4100,*1A
[2026-01-01 08:00:12.000] !AIVDM,1,1,,A,1>pf7hP01EOaNEtLUu<:S8L1P000,0*39
[2026-01-01 08:00:12.000] $PSMT,VDI,A,1500,50,8,50,10,600,100,-92,4100,*19
[2026-01-01 08:00:12.000] !AIVDM,1,1,,A,1>pf7hh00tOa=10LWiMo25`1P000,0*08
[2026-01-01 08:00:12.000] $PSMT,VDI,A,1500,50,8,50,10,600,100,-93,4100,*18
[2026-01-01 08:00:14.000] !AIVDO,1,1,,A,1>pf7h000jO`<c`LW47AhQJ1P000,0*53
[2026-01-01 08:00:14.000] $GPRMC,080014.00,A,5000.0157,N,00511.9756,W,5.0,45.0,010126,,,A*7F
[2026-01-01 08:00:14.000] $GPGGA,080014.00,5000.0157,N,00511.9756,W,1,08,0.9,10.0,M,48.0,M,,*41
[2026-01-01 08:00:14.000] !AIVDM,1,1,,A,1>pf7h@01pO`b@vL`pd3Q2l1P000,0*7F
[2026-01-01 08:00:14.000] $PSMT,VDI,A,1500,50,8,50,10,600,100,-91,4100,*1A
[2026-01-01 08:00:14.000] !AIVDM,1,1,,A,1>pf7hP01EOaNCbLUu<:S8L1P000,0*29
[2026-01-01 08:00:14.000] $PSMT,VDI,A,1500,50,8,50,10,600,100,-92,4100,*19
[2026-01-01 08:00:14.000] !AIVDM,1,1,,A,1>pf7hh00tOa=10LWiEG25`1P000,0*28
[2026-01-01 08:00:14.000] $PSMT,VDI,A,1500,50,8,50,10,600,100,-93,4100,*18
[2026-01-01 08:00:16.000] !AIVDO,1,1,,A,1>pf7h000jO`<dVLW4<AhQJ1P000,0*69
[2026-01-01 08:00:16.000] $GPRMC,080016.00,A,5000.0177,N,00511.9725,W,5.0,45.0,010126,,,A*7B
[2026-01-01 08:00:16.000] $GPGGA,080016.00,5000.0177,N,00511.9725,W,1,08,0.9,10.0,M,48.0,M,,*45
[2026-01-01 08:00:16.000] !AIVDM,1,1,,A,1>pf7h@01pO`bD<L`pd3Q2l1P000,0*31
[2026-01-01 08:00:16.000] $PSMT,VDI,A,1500,50,8,50,10,600,100,-91,4100,*1A
[2026-01-01 08:00:16.000] !AIVDM,1,1,,A,1>pf7hP01EOaNAFLUu<:S8L1P000,0*0F
[2026-01-01 08:00:16.000] $PSMT,VDI,A,1500,50,8,50,10,600,100,-92,4100,*19
[2026-01-01 08:00:16.000] !AIVDM,1,1,,A,1>pf7hh00tOa=10LWi=725`1P000,0*20
[2026-01-01 08:00:16.000] $PSMT,VDI,A,1500,50,8,50,10,600,100,-93,4100,*18
[2026-01-01 08:00:18.000] !AIVDO,1,1,,A,1>pf7h000jO`<eTLW4A1hQJ1P000,0*67
[2026-01-01 08:00:18.000] $GPRMC,080018.00,A,5000.0196,N,00511.9694,W,5.0,45.0,010126,,,A*71
[2026-01-01 08:00:18.000] $GPGGA,080018.00,5000.0196,N,00511.9694,W,1,08,0.9,10.0,M,48.0,M,,*4F
[2026-01-01 08:00:18.000] !AIVDM,1,1,,A,1>pf7h@01pO`bGLL`pd3Q2l1P000,0*42
[2026-01-01 08:00:18.000] $PSMT,VDI,A,1500,50,8,50,10,600,100,-91,4100,*1A
[2026-01-01 08:00:18.000] !AIVDM,1,1,,A,1>pf7hP01EOaN?4LUu<:S8L1P000,0*03
[2026-01-01 08:00:18.000] $PSMT,VDI,A,1500,50,8,50,10,600,100,-92,4100,*19
[2026-01-01 08:00:18.000] !AIVDM,1,1,,A,1>pf7hh00tOa=10LWi4o25`1P000,0*71
[2026-01-01 08:00:18.000] $PSMT,VDI,A,1500,50,8,50,10,600,100,-93,4100,*18
[2026-01-01 08:00:20.000] !AIVDO,1,1,,A,1>pf7h000jO`<fPLW4F1hQJ1P000,0*67
[2026-01-01 08:00:20.000] $GPRMC,080020.00,A,5000.0216,N,00511.9664,W,5.0,45.0,010126,,,A*7E
[2026-01-01 08:00:20.000] $GPGGA,080020.00,5000.0216,N,00511.9664,W,1,08,0.9,10.0,M,48.0,M,,*40
[2026-01-01 08:00:20.000] !AIVDM,1,1,,A,1>pf7h@01pO`bJdL`pd3Q2l1P000,0*67
[2026-01-01 08:00:20.000] $PSMT,VDI,A,1500,50,8,50,10,600,100,-91,4100,*1A
[2026-01-01 08:00:20.000] !AIVDM,1,1,,A,1>pf7hP01EOaN<hLUu<:S8L1P000,0*5C
[2026-01-01 08:00:20.000] $PSMT,VDI,A,1500,50,8,50,10,600,100,-92,4100,*19
[2026-01-01 08:00:20.000] !AIVDM,1,1,,A,1>pf7hh00tOa=10LWhtG25`1P000,0*18
[2026-01-01 08:00:20.000] $PSMT,VDI,A,1500,50,8,50,10,600,100,-93,4100,*18
[2026-01-01 08:00:22.000] !AIVDO,1,1,,A,1>pf7h000jO`<gNLW4K1hQJ1P000,0*75
[2026-01-01 08:00:22.000] $GPRMC,080022.00,A,5000.0236,N,00511.9633,W,5.0,45.0,010126,,,A*7C
[2026-01-01 08:00:22.000] $GPGGA,080022.00,5000.0236,N,00511.9633,W,1,08,0.9,10.0,M,48.0,M,,*42
[2026-01-01 08:00:22.000] !AIVDM,1,1,,A,1>pf7h@01pO`bMtL`pd3Q2l1P000,0*70
[2026-01-01 08:00:22.000] $PSMT,VDI,A,1500,50,8,50,10,600,100,-91,4100,*1A
[2026-01-01 08:00:22.000] !AIVDM,1,1,,A,1>pf7hP01EOaN:NLUu<:S8L1P000,0*7C
[2026-01-01 08:00:22.000] $PSMT,VDI,A,1500,50,8,50,10,600,100,-92,4100,*19
[2026-01-01 08:00:22.000] !AIVDM,1,1,,A,1>pf7hh00tOa=10LWhl725`1P000,0*70
[2026-01-01 08:00:22.000] $PSMT,VDI,A,1500,50,8,50,10,600,100,-93,4100,*18
[2026-01-01 08:00:24.000] !AIVDO,1,1,,A,1>pf7h000jO`<hJLW4OihQJ1P000,0*22
[2026-01-01 08:00:24.000] $GPRMC,080024.00,A,5000.0255,N,00511.9603,W,5.0,45.0,010126,,,A*7C
[2026-01-01 08:00:24.000] $GPGGA,080024.00,5000.0255,N,00511.9603,W,1,08,0.9,10.0,M,48.0,M,,*42
[2026-01-01 08:00:24.000] !AIVDM,1,1,,A,1>pf7h@01pO`bQ<L`pd3Q2l1P000,0*24
[2026-01-01 08:00:24.000] $PSMT,VDI,A,1500,50,8,50,10,600,100,-91,4100,*1A
[2026-01-01 08:00:24.000] !AIVDM,1,1,,A,1>pf7hP01EOaN8<LUu<:S8L1P000,0*0C
[2026-01-01 08:00:24.000] $PSMT,VDI,A,1500,50,8,50,10,600,100,-92,4100,*19
[2026-01-01 08:00:24.000] !AIVDM,1,1,,A,1>pf7hh00tOa=10LWhco25`1P000,0*27
[2026-01-01 08:00:24.000] $PSMT,VDI,A,1500,50,8,50,10,600,100,-93,4100,*18
[2026-01-01 08:00:26.000] !AIVDO,1,1,,A,1>pf7h000jO`<iHLW4TihQJ1P000,0*3A
[2026-01-01 08:00:26.000] $GPRMC,080026.00,A,5000.0275,N,00511.9572,W,5.0,45.0,010126,,,A*79
[2026-01-01 08:00:26.000] $GPGGA,080026.00,5000.0275,N,00511.9572,W,1,08,0.9,10.0,M,48.0,M,,*47
[2026-01-01 08:00:26.000] !AIVDM,1,1,,A,1>pf7h@01pO`bTLL`pd3Q2l1P000,0*51
[2026-01-01 08:00:26.000] $PSMT,VDI,A,1500,50,8,50,10,600,100,-91,4100,*1A
[2026-01-01 08:00:26.000] !AIVDM,1,1,,A,1>pf7hP01EOaN5pLUu<:S8L1P000,0*4D
[2026-01-01 08:00:26.000] $PSMT,VDI,A,1500,50,8,50,10,600,100,-92,4100,*19
[2026-01-01 08:00:26.000] !AIVDM,1,1,,A,1>pf7hh00tOa=10LWhSG25`1P000,0*3F
[2026-01-01 08:00:26.000] $PSMT,VDI,A,1500,50,8,50,10,600,100,-93,4100,*18
[2026-01-01 08:00:28.000] !AIVDO,1,1,,A,1>pf7h000jO`<jDLW4aihQJ1P000,0*00
[2026-01-01 08:00:28.000] $GPRMC,080028.00,A,5000.0295,N,00511.9542,W,5.0,45.0,010126,,,A*7A
[2026-01-01 08:00:28.000] $GPGGA,080028.00,5000.0295,N,00511.9542,W,1,08,0.9,10.0,M,48.0,M,,*44
[2026-01-01 08:00:28.000] !AIVDM,1,1,,A,1>pf7h@01pO`bWbL`pd3Q2l1P000,0*7C
[2026-01-01 08:00:28.000] $PSMT,VDI,A,1500,50,8,50,10,600,100,-91,4100,*1A
[2026-01-01 08:00:28.000] !AIVDM,1,1,,A,1>pf7hP01EOaN3VLUu<:S8L1P000,0*6D
[2026-01-01 08:00:28.000] $PSMT,VDI,A,1500,50,8,50,10,600,100,-92,4100,*19
[2026-01-01 08:00:28.000] !AIVDM,1,1,,A,1>pf7hh00tOa=10LWhK725`1P000,0*57
[2026-01-01 08:00:28.000] $PSMT,VDI,A,1500,50,8,50,10,600,100,-93,4100,*18
[2026-01-01 08:00:30.000] !AIVDO,1,1,,A,1>pf7h000jO`<kBLW4fQhQJ1P000,0*38
[2026-01-01 08:00:30.000] $GPRMC,080030.00,A,5000.0314,N,00511.9511,W,5.0,45.0,010126,,,A*7D
[2026-01-01 08:00:30.000] $GPGGA,080030.00,5000.0314,N,00511.9511,W,1,08,0.9,10.0,M,48.0,M,,*43
[2026-01-01 08:00:30.000] !AIVDM,1,1,,A,1>pf7h@01pO`bbrL`pd3Q2l1P000,0*59
[2026-01-01 08:00:30.000] $PSMT,VDI,A,1500,50,8,50,10,600,100,-91,4100,*1A
[2026-01-01 08:00:30.000] !AIVDM,1,1,,A,1>pf7hP01EOaN1BLUu<:S8L1P000,0*7B
[2026-01-01 08:00:30.000] $PSMT,VDI,A,1500,50,8,50,10,600,100,-92,4100,*19
[2026-01-01 08:00:30.000] !AIVDM,1,1,,A,1>pf7hh00tOa=10LWhBo25`1P000,0*06
[2026-01-01 08:00:30.000] $PSMT,VDI,A,1500,50,8,50,10,600,100,-93,4100,*18
[2026-01-01 08:00:32.000] !AIVDO,1,1,,A,1>pf7h000jO`<l>LW4kQhQJ1P000,0*4E
[2026-01-01 08:00:32.000] $GPRMC,080032.00,A,5000.0334,N,00511.9481,W,5.0,45.0,010126,,,A*75
[2026-01-01 08:00:32.000] $GPGGA,080032.00,5000.0334,N,00511.9481,W,1,08,0.9,10.0,M,48.0,M,,*4B
[2026-01-01 08:00:32.000] !AIVDM,1,1,,A,1>pf7h@01pO`bf:L`pd3Q2l1P000,0*15
[2026-01-01 08:00:32.000] $PSMT,VDI,A,1500,50,8,50,10,600,100,-91,4100,*1A
[2026-01-01 08:00:32.000] !AIVDM,1,1,,A,1>pf7hP01EOaMw0LUu<:S8L1P000,0*4C
[2026-01-01 08:00:32.000] $PSMT,VDI,A,1500,50,8,50,10,600,100,-92,4100,*19
[2026-01-01 08:00:32.000] !AIVDM,1,1,,A,1>pf7hh00tOa=10LWh:G25`1P000,0*56
[2026-01-01 08:00:32.000] $PSMT,VDI,A,1500,50,8,50,10,600,100,-93,4100,*18
[2026-01-01 08:00:34.000] !AIVDO,1,1,,A,1>pf7h000jO`<m<LW4pQhQJ1P000,0*56
[2026-01-01 08:00:34.000] $GPRMC,080034.00,A,5000.0354,N,00511.9450,W,5.0,45.0,010126,,,A*79
[2026-01-01 08:00:34.000] $GPGGA,080034.00,5000.0354,N,00511.9450,W,1,08,0.9,10.0,M,48.0,M,,*47
[2026-01-01 08:00:34.000] !AIVDM,1,1,,A,1>pf7h@01pO`biJL`pd3Q2l1P000,0*6A
[2026-01-01 08:00:34.000] $PSMT,VDI,A,1500,50,8,50,10,600,100,-91,4100,*1A
[2026-01-01 08:00:34.000] !AIVDM,1,1,,A,1>pf7hP01EOaMtdLUu<:S8L1P000,0*1B
[2026-01-01 08:00:34.000] $PSMT,VDI,A,1500,50,8,50,10,600,100,-92,4100,*19
[2026-01-01 08:00:34.000] !AIVDM,1,1,,A,1>pf7hh00tOa=10LWh2725`1P000,0*2E
[2026-01-01 08:00:34.000] $PSMT,VDI,A,1500,50,8,50,10,600,100,-93,4100,*18
[2026-01-01 08:00:36.000] !AIVDO,1,1,,A,1>pf7h000jO`<n:LW4uAhQJ1P000,0*46
[2026-01-01 08:00:36.000] $GPRMC,080036.00,A,5000.0373,N,00511.9419,W,5.0,45.0,010126,,,A*73
[2026-01-01 08:00:36.000] $GPGGA,080036.00,5000.0373,N,00511.9419,W,1,08,0.9,10.0,M,48.0,M,,*4D
[2026-01-01 08:00:36.000] !AIVDM,1,1,,A,1>pf7h@01pO`blbL`pd3Q2l1P000,0*47
[2026-01-01 08:00:36.000] $PSMT,VDI,A,1500,50,8,50,10,600,100,-91,4100,*1A
[2026-01-01 08:00:36.000] !AIVDM,1,1,,A,1>pf7hP01EOaMrJLUu<:S8L1P000,0*33
[2026-01-01 08:00:36.000] $PSMT,VDI,A,1500,50,8,50,10,600,100,-92,4100,*19
[2026-01-01 08:00:36.000] !AIVDM,1,1,,A,1>pf7hh00tOa=10LWgqo25`1P000,0*3A
[2026-01-01 08:00:36.000] $PSMT,VDI,A,1500,50,8,50,10,600,100,-93,4100,*18
[2026-01-01 08:00:38.000] !AIVDO,1,1,,A,1>pf7h000jO`<o6LW52AhQJ1P000,0*0D
[2026-01-01 08:00:38.000] $GPRMC,080038.00,A,5000.0393,N,00511.9389,W,5.0,45.0,010126,,,A*7D
[2026-01-01 08:00:38.000] $GPGGA,080038.00,5000.0393,N,00511.9389,W,1,08,0.9,10.0,M,48.0,M,,*43
[2026-01-01 08:00:38.000] !AIVDM,1,1,,A,1>pf7h@01pO`bopL`pd3Q2l1P000,0*56
[2026-01-01 08:00:38.000] $PSMT,VDI,A,1500,50,8,50,10,600,100,-91,4100,*1A
[2026-01-01 08:00:38.000] !AIVDM,1,1,,A,1>pf7hP01EOaMp8LUu<:S8L1P000,0*43
[2026-01-01 08:00:38.000] $PSMT,VDI,A,1500,50,8,50,10,600,100,-92,4100,*19
[2026-01-01 08:00:38.000] !AIVDM,1,1,,A,1>pf7hh00tOa=10LWgiG25`1P000,0*0A
[2026-01-01 08:00:38.000] $PSMT,VDI,A,1500,50,8,50,10,600,100,-93,4100,*18
[2026-01-01 08:00:40.000] !AIVDO,1,1,,A,1>pf7h000jO`<p4LW571hQJ1P000,0*65
[2026-01-01 08:00:40.000] $GPRMC,080040.00,A,5000.0412,N,00511.9358,W,5.0,45.0,010126,,,A*70
[2026-01-01 08:00:40.000] $GPGGA,080040.00,5000.0412,N,00511.9358,W,1,08,0.9,10.0,M,48.0,M,,*4E
[2026-01-01 08:00:40.000] !AIVDM,1,1,,A,1>pf7h@01pO`bs8L`pd3Q2l1P000,0*02
[2026-01-01 08:00:40.000] $PSMT,VDI,A,1500,50,8,50,10,600,100,-91,4100,*1A
[2026-01-01 08:00:40.000] !AIVDM,1,1,,A,1>pf7hP01EOaMmlLUu<:S8L1P000,0*0A
[2026-01-01 08:00:40.000] $PSMT,VDI,A,1500,50,8,50,10,600,100,-92,4100,*19
[2026-01-01 08:00:40.000] !AIVDM,1,1,,A,1>pf7hh00tOa=10LWga725`1P000,0*72
[2026-01-01 08:00:40.000] $PSMT,VDI,A,1500,50,8,50,10,600,100,-93,4100,*18
[2026-01-01 08:00:42.000] !AIVDO,1,1,,A,1>pf7h000jO`<q0LW5<1hQJ1P000,0*6B
[2026-01-01 08:00:42.000] $GPRMC,080042.00,A,5000.0432,N,00511.9328,W,5.0,45.0,010126,,,A*77
[2026-01-01 08:00:42.000] $GPGGA,080042.00,5000.0432,N,00511.9328,W,1,08,0.9,10.0,M,48.0,M,,*49
[2026-01-01 08:00:42.000] !AIVDM,1,1,,A,1>pf7h@01pO`bvHL`pd3Q2l1P000,0*77
[2026-01-01 08:00:42.000] $PSMT,VDI,A,1500,50,8,50,10,600,100,-91,4100,*1A
[2026-01-01 08:00:42.000] !AIVDM,1,1,,A,1>pf7hP01EOaMkRLUu<:S8L1P000,0*32
[2026-01-01 08:00:42.000] $PSMT,VDI,A,1500,50,8,50,10,600,100,-92,4100,*19
[2026-01-01 08:00:42.000] !AIVDM,1,1,,A,1>pf7hh00tOa=10LWgPo25`1P000,0*1B
[2026-01-01 08:00:42.000] $PSMT,VDI,A,1500,50,8,50,10,600,100,-93,4100,*18
[2026-01-01 08:00:44.000] !AIVDO,1,1,,A,1>pf7h000jO`<qvLW5A1hQJ1P000,0*50
[2026-01-01 08:00:44.000] $GPRMC,080044.00,A,5000.0452,N,00511.9297,W,5.0,45.0,010126,,,A*72
[2026-01-01 08:00:44.000] $GPGGA,080044.00,5000.0452,N,00511.9297,W,1,08,0.9,10.0,M,48.0,M,,*4C
[2026-01-01 08:00:44.000] !AIVDM,1,1,,A,1>pf7h@01pO`c1`L`pd3Q2l1P000,0*19
[2026-01-01 08:00:44.000] $PSMT,VDI,A,1500,50,8,50,10,600,100,-91,4100,*1A
[2026-01-01 08:00:44.000] !AIVDM,1,1,,A,1>pf7hP01EOaMi>LUu<:S8L1P000,0*5C
[2026-01-01 08:00:44.000] $PSMT,VDI,A,1500,50,8,50,10,600,100,-92,4100,*19
[2026-01-01 08:00:44.000] !AIVDM,1,1,,A,1>pf7hh00tOa=10LWgHG25`1P000,0*2B
[2026-01-01 08:00:44.000] $PSMT,VDI,A,1500,50,8,50,10,600,100,-93,4100,*18
[2026-01-01 08:00:46.000] !AIVDO,1,1,,A,1>pf7h000jO`<rrLW5EihQJ1P000,0*0B
[2026-01-01 08:00:46.000] $GPRMC,080046.00,A,5000.0471,N,00511.9267,W,5.0,45.0,010126,,,A*7E
[2026-01-01 08:00:46.000] $GPGGA,080046.00,5000.0471,N,00511.9267,W,1,08,0.9,10.0,M,48.0,M,,*40
[2026-01-01 08:00:46.000] !AIVDM,1,1,,A,1>pf7h@01pO`c4pL`pd3Q2l1P000,0*0C
[2026-01-01 08:00:46.000] $PSMT,VDI,A,1500,50,8,50,10,600,100,-91,4100,*1A
[2026-01-01 08:00:46.000] !AIVDM,1,1,,A,1>pf7hP01EOaMftLUu<:S8L1P000,0*19
[2026-01-01 08:00:46.000] $PSMT,VDI,A,1500,50,8,50,10,600,100,-92,4100,*19
[2026-01-01 08:00:46.000] !AIVDM,1,1,,A,1>pf7hh00tOa=10LWg@725`1P000,0*53
[2026-01-01 08:00:46.000] $PSMT,VDI,A,1500,50,8,50,10,600,100,-93,4100,*18
[2026-01-01 08:00:48.000] !AIVDO,1,1,,A,1>pf7h000jO`<spLW5JihQJ1P000,0*07
[2026-01-01 08:00:48.000] $GPRMC,080048.00,A,5000.0491,N,00511.9236,W,5.0,45.0,010126,,,A*7A
[2026-01-01 08:00:48.000] $GPGGA,080048.00,5000.0491,N,00511.9236,W,1,08,0.9,10.0,M,48.0,M,,*44
[2026-01-01 08:00:48.000] !AIVDM,1,1,,A,1>pf7h@01pO`c88L`pd3Q2l1P000,0*48
[2026-01-01 08:00:48.000] $PSMT,VDI,A,1500,50,8,50,10,600,100,-91,4100,*1A
[2026-01-01 08:00:48.000] !AIVDM,1,1,,A,1>pf7hP01EOaMdbLUu<:S8L1P000,0*0D
[2026-01-01 08:00:48.000] $PSMT,VDI,A,1500,50,8,50,10,600,100,-92,4100,*19
[2026-01-01 08:00:48.000] !AIVDM,1,1,,A,1>pf7hh00tOa=10LWg7o25`1P000,0*7C
[2026-01-01 08:00:48.000] $PSMT,VDI,A,1500,50,8,50,10,600,100,-93,4100,*18
[2026-01-01 08:00:50.000] !AIVDO,1,1,,A,1>pf7h000jO`<tlLW5OihQJ1P000,0*19
[2026-01-01 08:00:50.000] $GPRMC,080050.00,A,5000.0511,N,00511.9206,W,5.0,45.0,010126,,,A*79
[2026-01-01 08:00:50.000] $GPGGA,080050.00,5000.0511,N,00511.9206,W,1,08,0.9,10.0,M,48.0,M,,*47
[2026-01-01 08:00:50.000] !AIVDM,1,1,,A,1>pf7h@01pO`c;FL`pd3Q2l1P000,0*35
[2026-01-01 08:00:50.000] $PSMT,VDI,A,1500,50,8,50,10,600,100,-91,4100,*1A
[2026-01-01 08:00:50.000] !AIVDM,1,1,,A,1>pf7hP01EOaMbFLUu<:S8L1P000,0*2F
[2026-01-01 08:00:50.000] $PSMT,VDI,A,1500,50,8,50,10,600,100,-92,4100,*19
[2026-01-01 08:00:50.000] !AIVDM,1,1,,A,1>pf7hh00tOa=10LWfwG25`1P000,0*15
[2026-01-01 08:00:50.000] $PSMT,VDI,A,1500,50,8,50,10,600,100,-93,4100,*18
[2026-01-01 08:00:52.000] !AIVDO,1,1,,A,1>pf7h000jO`<ujLW5TQhQJ1P000,0*3D
[2026-01-01 08:00:52.000] $GPRMC,080052.00,A,5000.0530,N,00511.9175,W,5.0,45.0,010126,,,A*7F
[2026-01-01 08:00:52.000] $GPGGA,080052.00,5000.0530,N,00511.9175,W,1,08,0.9,10.0,M,48.0,M,,*41
[2026-01-01 08:00:52.000] !AIVDM,1,1,,A,1>pf7h@01pO`c>VL`pd3Q2l1P000,0*20
[2026-01-01 08:00:52.000] $PSMT,VDI,A,1500,50,8,50,10,600,100,-91,4100,*1A
[2026-01-01 08:00:52.000] !AIVDM,1,1,,A,1>pf7hP01EOaM`4LUu<:S8L1P000,0*5F
[2026-01-01 08:00:52.000] $PSMT,VDI,A,1500,50,8,50,10,600,100,-92,4100,*19
[2026-01-01 08:00:52.000] !AIVDM,1,1,,A,1>pf7hh00tOa=10LWfo725`1P000,0*7D
[2026-01-01 08:00:52.000] $PSMT,VDI,A,1500,50,8,50,10,600,100,-93,4100,*18
[2026-01-01 08:00:54.000] !AIVDO,1,1,,A,1>pf7h000jO`<vhLW5aQhQJ1P000,0*09
[2026-01-01 08:00:54.000] $GPRMC,080054.00,A,5000.0550,N,00511.9144,W,5.0,45.0,010126,,,A*7D
[2026-01-01 08:00:54.000] $GPGGA,080054.00,5000.0550,N,00511.9144,W,1,08,0.9,10.0,M,48.0,M,,*43
[2026-01-01 08:00:54.000] !AIVDM,1,1,,A,1>pf7h@01pO`cAnL`pd3Q2l1P000,0*67
[2026-01-01 08:00:54.000] $PSMT,VDI,A,1500,50,8,50,10,600,100,-91,4100,*1A
[2026-01-01 08:00:54.000] !AIVDM,1,1,,A,1>pf7hP01EOaMUhLUu<:S8L1P000,0*36
[2026-01-01 08:00:54.000] $PSMT,VDI,A,1500,50,8,50,10,600,100,-92,4100,*19
[2026-01-01 08:00:54.000] !AIVDM,1,1,,A,1>pf7hh00tOa=10LWffo25`1P000,0*2C
[2026-01-01 08:00:54.000] $PSMT,VDI,A,1500,50,8,50,10,600,100,-93,4100,*18
[2026-01-01 08:00:56.000] !AIVDO,1,1,,A,1>pf7h000jO`<wdLW5fQhQJ1P000,0*03
[2026-01-01 08:00:56.000] $GPRMC,080056.00,A,5000.0570,N,00511.9114,W,5.0,45.0,010126,,,A*78
[2026-01-01 08:00:56.000] $GPGGA,080056.00,5000.0570,N,00511.9114,W,1,08,0.9,10.0,M,48.0,M,,*46
[2026-01-01 08:00:56.000] !AIVDM,1,1,,A,1>pf7h@01pO`cE6L`pd3Q2l1P000,0*3B
[2026-01-01 08:00:56.000] $PSMT,VDI,A,1500,50,8,50,10,600,100,-91,4100,*1A
[2026-01-01 08:00:56.000] !AIVDM,1,1,,A,1>pf7hP01EOaMSNLUu<:S8L1P000,0*16
[2026-01-01 08:00:56.000] $PSMT,VDI,A,1500,50,8,50,10,600,100,-92,4100,*19
[2026-01-01 08:00:56.000] !AIVDM,1,1,,A,1>pf7hh00tOa=10LWfVG25`1P000,0*34
[2026-01-01 08:00:56.000] $PSMT,VDI,A,1500,50,8,50,10,600,100,-93,4100,*18
[2026-01-01 08:00:58.000] !AIVDO,1,1,,A,1>pf7h000jO`=0bLW5kAhQJ1P000,0*5E
[2026-01-01 08:00:58.000] $GPRMC,080058.00,A,5000.0589,N,00511.9083,W,5.0,45.0,010126,,,A*7F
[2026-01-01 08:00:58.000] $GPGGA,080058.00,5000.0589,N,00511.9083,W,1,08,0.9,10.0,M,48.0,M,,*41
[2026-01-01 08:00:58.000] !AIVDM,1,1,,A,1>pf7h@01pO`cHFL`pd3Q2l1P000,0*46
[2026-01-01 08:00:58.000] $PSMT,VDI,A,1500,50,8,50,10,600,100,-91,4100,*1A
[2026-01-01 08:00:58.000] !AIVDM,1,1,,A,1>pf7hP01EOaMQ:LUu<:S8L1P000,0*60
[2026-01-01 08:00:58.000] $PSMT,VDI,A,1500,50,8,50,10,600,100,-92,4100,*19
[2026-01-01 08:00:58.000] !AIVDM,1,1,,A,1>pf7hh00tOa=10LWfN725`1P000,0*5C
[2026-01-01 08:00:58.000] $PSMT,VDI,A,1500,50,8,50,10,600,100,-93,4100,*18
[2026-01-01 08:01:00.000] !AIVDO,1,1,,A,1>pf7h000jO`=1VLW5pAhQJ1P000,0*70
[2026-01-01 08:01:00.000] $GPRMC,080100.00,A,5000.0609,N,00511.9053,W,5.0,45.0,010126,,,A*75
[2026-01-01 08:01:00.000] $GPGGA,080100.00,5000.0609,N,00511.9053,W,1,08,0.9,10.0,M,48.0,M,,*4B
[2026-01-01 08:01:00.000] !AIVDM,1,1,,A,1>pf7h@01pO`cKVL`pd3Q2l1P000,0*55
[2026-01-01 08:01:00.000] $PSMT,VDI,A,1500,50,8,50,10,600,100,-91,4100,*1A
[2026-01-01 08:01:00.000] !AIVDM,1,1,,A,1>pf7hP01EOaMNpLUu<:S8L1P000,0*35
[2026-01-01 08:01:00.000] $PSMT,VDI,A,1500,50,8,50,10,600,100,-92,4100,*19
[2026-01-01 08:01:00.000] !AIVDM,1,1,,A,1>pf7hh00tOa=10LWfEo25`1P000,0*0F
[2026-01-01 08:01:00.000] $PSMT,VDI,A,1500,50,8,50,10,600,100,-93,4100,*18
[2026-01-01 08:01:02.000] !AIVDO,1,1,,A,1>pf7h000jO`=2TLW5uAhQJ1P000,0*74
[2026-01-01 08:01:02.000] $GPRMC,080102.00,A,5000.0629,N,00511.9022,W,5.0,45.0,010126,,,A*73
[2026-01-01 08:01:02.000] $GPGGA,080102.00,5000.0629,N,00511.9022,W,1,08,0.9,10.0,M,48.0,M,,*4D
[2026-01-01 08:01:02.000] !AIVDM,1,1,,A,1>pf7h@01pO`cNlL`pd3Q2l1P000,0*6A
[2026-01-01 08:01:02.000] $PSMT,VDI,A,1500,50,8,50,10,600,100,-91,4100,*1A
[2026-01-01 08:01:02.000] !AIVDM,1,1,,A,1>pf7hP01EOaMLVLUu<:S8L1P000,0*11
[2026-01-01 08:01:02.000] $PSMT,VDI,A,1500,50,8,50,10,600,100,-92,4100,*19
[2026-01-01 08:01:02.000] !AIVDM,1,1,,A,1>pf7hh00tOa=10LWf=G25`1P000,0*5F
[2026-01-01 08:01:02.000] $PSMT,VDI,A,1500,50,8,50,10,600,100,-93,4100,*18
[2026-01-01 08:01:04.000] !AIVDO,1,1,,A,1>pf7h000jO`=3PLW621hQJ1P000,0*45
[2026-01-01 08:01:04.000] $GPRMC,080104.00,A,5000.0648,N,00511.8992,W,5.0,45.0,010126,,,A*71
[2026-01-01 08:01:04.000] $GPGGA,080104.00,5000.0648,N,00511.8992,W,1,08,0.9,10.0,M,48.0,M,,*4F
[2026-01-01 08:01:04.000] !AIVDM,1,1,,A,1>pf7h@01pO`cR4L`pd3Q2l1P000,0*2E
[2026-01-01 08:01:04.000] $PSMT,VDI,A,1500,50,8,50,10,600,100,-91,4100,*1A
[2026-01-01 08:01:04.000] !AIVDM,1,1,,A,1>pf7hP01EOaMJBLUu<:S8L1P000,0*03
[2026-01-01 08:01:04.000] $PSMT,VDI,A,1500,50,8,50,10,600,100,-92,4100,*19
[2026-01-01 08:01:04.000] !AIVDM,1,1,,A,1>pf7hh00tOa=10LWf5725`1P000,0*27
[2026-01-01 08:01:04.000] $PSMT,VDI,A,1500,50,8,50,10,600,100,-93,4100,*18
[2026-01-01 08:01:06.000] !AIVDO,1,1,,A,1>pf7h000jO`=4NLW671hQJ1P000,0*59
[2026-01-01 08:01:06.000] $GPRMC,080106.00,A,5000.0668,N,00511.8961,W,5.0,45.0,010126,,,A*7D
[2026-01-01 08:01:06.000] $GPGGA,080106.00,5000.0668,N,00511.8961,W,1,08,0.9,10.0,M,48.0,M,,*43
[2026-01-01 08:01:06.000] !AIVDM,1,1,,A,1>pf7h@01pO`cUDL`pd3Q2l1P000,0*59
[2026-01-01 08:01:06.000] $PSMT,VDI,A,1500,50,8,50,10,600,100,-91,4100,*1A
[2026-01-01 08:01:06.000] !AIVDM,1,1,,A,1>pf7hP01EOaMH0LUu<:S8L1P000,0*73
[2026-01-01 08:01:06.000] $PSMT,VDI,A,1500,50,8,50,10,600,100,-92,4100,*19
[2026-01-01 08:01:06.000] !AIVDM,1,1,,A,1>pf7hh00tOa=10LWeto25`1P000,0*3D
[2026-01-01 08:01:06.000] $PSMT,VDI,A,1500,50,8,50,10,600,100,-93,4100,*18
[2026-01-01 08:01:08.000] !AIVDO,1,1,,A,1>pf7h000jO`=5LLW6;ihQJ1P000,0*0E
[2026-01-01 08:01:08.000] $GPRMC,080108.00,A,5000.0687,N,00511.8930,W,5.0,45.0,010126,,,A*76
[2026-01-01 08:01:08.000] $GPGGA,080108.00,5000.0687,N,00511.8930,W,1,08,0.9,10.0,M,48.0,M,,*48
[2026-01-01 08:01:08.000] !AIVDM,1,1,,A,1>pf7h@01pO`c`TL`pd3Q2l1P000,0*7C
[2026-01-01 08:01:08.000] $PSMT,VDI,A,1500,50,8,50,10,600,100,-91,4100,*1A
[2026-01-01 08:01:08.000] !AIVDM,1,1,,A,1>pf7hP01EOaMEdLUu<:S8L1P000,0*2A
[2026-01-01 08:01:08.000] $PSMT,VDI,A,1500,50,8,50,10,600,100,-92,4100,*19
[2026-01-01 08:01:08.000] !AIVDM,1,1,,A,1>pf7hh00tOa=10LWelG25`1P000,0*0D
[2026-01-01 08:01:08.000] $PSMT,VDI,A,1500,50,8,50,10,600,100,-93,4100,*18
[2026-01-01 08:01:10.000] !AIVDO,1,1,,A,1>pf7h000jO`=6HLW6@ihQJ1P000,0*72
[2026-01-01 08:01:10.000] $GPRMC,080110.00,A,5000.0707,N,00511.8900,W,5.0,45.0,010126,,,A*75
[2026-01-01 08:01:10.000] $GPGGA,080110.00,5000.0707,N,00511.8900,W,1,08,0.9,10.0,M,48.0,M,,*4B
[2026-01-01 08:01:10.000] !AIVDM,1,1,,A,1>pf7h@01pO`cclL`pd3Q2l1P000,0*47
[2026-01-01 08:01:10.000] $PSMT,VDI,A,1500,50,8,50,10,600,100,-91,4100,*1A
[2026-01-01 08:01:10.000] !AIVDM,1,1,,A,1>pf7hP01EOaMCJLUu<:S8L1P000,0*02
[2026-01-01 08:01:10.000] $PSMT,VDI,A,1500,50,8,50,10,600,100,-92,4100,*19
[2026-01-01 08:01:10.000] !AIVDM,1,1,,A,1>pf7hh00tOa=10LWed725`1P000,0*75
[2026-01-01 08:01:10.000] $PSMT,VDI,A,1500,50,8,50,10,600,100,-93,4100,*18
[2026-01-01 08:01:12.000] !AIVDO,1,1,,A,1>pf7h000jO`=7FLW6EihQJ1P000,0*78
[2026-01-01 08:01:12.000] $GPRMC,080112.00,A,5000.0727,N,00511.8869,W,5.0,45.0,010126,,,A*7B
[2026-01-01 08:01:12.000] $GPGGA,080112.00,5000.0727,N,00511.8869,W,1,08,0.9,10.0,M,48.0,M,,*45
[2026-01-01 08:01:12.000] !AIVDM,1,1,,A,1>pf7h@01pO`cg2L`pd3Q2l1P000,0*1D
[2026-01-01 08:01:12.000] $PSMT,VDI,A,1500,50,8,50,10,600,100,-91,4100,*1A
[2026-01-01 08:01:12.000] !AIVDM,1,1,,A,1>pf7hP01EOaMA6LUu<:S8L1P000,0*7C
[2026-01-01 08:01:12.000] $PSMT,VDI,A,1500,50,8,50,10,600,100,-92,4100,*19
[2026-01-01 08:01:12.000] !AIVDM,1,1,,A,1>pf7hh00tOa=10LWeSo25`1P000,0*1A
[2026-01-01 08:01:12.000] $PSMT,VDI,A,1500,50,8,50,10,600,100,-93,4100,*18
[2026-01-01 08:01:14.000] !AIVDO,1,1,,A,1>pf7h000jO`=8BLW6JQhQJ1P000,0*44
[2026-01-01 08:01:14.000] $GPRMC,080114.00,A,5000.0746,N,00511.8839,W,5.0,45.0,010126,,,A*7F
[2026-01-01 08:01:14.000] $GPGGA,080114.00,5000.0746,N,00511.8839,W,1,08,0.9,10.0,M,48.0,M,,*41
[2026-01-01 08:01:14.000] !AIVDM,1,1,,A,1>pf7h@01pO`cjBL`pd3Q2l1P000,0*60
[2026-01-01 08:01:14.000] $PSMT,VDI,A,1500,50,8,50,10,600,100,-91,4100,*1A
[2026-01-01 08:01:14.000] !AIVDM,1,1,,A,1>pf7hP01EOaM>lLUu<:S8L1P000,0*59
[2026-01-01 08:01:14.000] $PSMT,VDI,A,1500,50,8,50,10,600,100,-92,4100,*19
[2026-01-01 08:01:14.000] !AIVDM,1,1,,A,1>pf7hh00tOa=10LWeKG25`1P000,0*2A
[2026-01-01 08:01:14.000] $PSMT,VDI,A,1500,50,8,50,10,600,100,-93,4100,*18
[2026-01-01 08:01:16.000] !AIVDO,1,1,,A,1>pf7h000jO`=9@LW6OQhQJ1P000,0*42
[2026-01-01 08:01:16.000] $GPRMC,080116.00,A,5000.0766,N,00511.8808,W,5.0,45.0,010126,,,A*7D
[2026-01-01 08:01:16.000] $GPGGA,080116.00,5000.0766,N,00511.8808,W,1,08,0.9,10.0,M,48.0,M,,*43
[2026-01-01 08:01:16.000] !AIVDM,1,1,,A,1>pf7h@01pO`cmRL`pd3Q2l1P000,0*77
[2026-01-01 08:01:16.000] $PSMT,VDI,A,1500,50,8,50,10,600,100,-91,4100,*1A
[2026-01-01 08:01:16.000] !AIVDM,1,1,,A,1>pf7hP01EOaM<RLUu<:S8L1P000,0*65
[2026-01-01 08:01:16.000] $PSMT,VDI,A,1500,50,8,50,10,600,100,-92,4100,*19
[2026-01-01 08:01:16.000] !AIVDM,1,1,,A,1>pf7hh00tOa=10LWeC725`1P000,0*52
[2026-01-01 08:01:16.000] $PSMT,VDI,A,1500,50,8,50,10,600,100,-93,4100,*18
[2026-01-01 08:01:18.000] !AIVDO,1,1,,A,1>pf7h000jO`=:<LW6TQhQJ1P000,0*26
[2026-01-01 08:01:18.000] $GPRMC,080118.00,A,5000.0786,N,00511.8778,W,5.0,45.0,010126,,,A*75
[2026-01-01 08:01:18.000] $GPGGA,080118.00,5000.0786,N,00511.8778,W,1,08,0.9,10.0,M,48.0,M,,*4B
[2026-01-01 08:01:18.000] !AIVDM,1,1,,A,1>pf7h@01pO`cpjL`pd3Q2l1P000,0*52
[2026-01-01 08:01:18.000] $PSMT,VDI,A,1500,50,8,50,10,600,100,-91,4100,*1A
[2026-01-01 08:01:18.000] !AIVDM,1,1,,A,1>pf7hP01EOaM:>LUu<:S8L1P000,0*0F
[2026-01-01 08:01:18.000] $PSMT,VDI,A,1500,50,8,50,10,600,100,-92,4100,*19
[2026-01-01 08:01:18.000] !AIVDM,1,1,,A,1>pf7hh00tOa=10LWe:o25`1P000,0*73
[2026-01-01 08:01:18.000] $PSMT,VDI,A,1500,50,8,50,10,600,100,-93,4100,*18
[2026-01-01 08:01:20.000] !AIVDO,1,1,,A,1>pf7h000jO`=;:LW6aAhQJ1P000,0*04
[2026-01-01 08:01:20.000] $GPRMC,080120.00,A,5000.0805,N,00511.8747,W,5.0,45.0,010126,,,A*76
[2026-01-01 08:01:20.000] $GPGGA,080120.00,5000.0805,N,00511.8747,W,1,08,0.9,10.0,M,48.0,M,,*48
[2026-01-01 08:01:20.000] !AIVDM,1,1,,A,1>pf7h@01pO`ct2L`pd3Q2l1P000,0*0E
[2026-01-01 08:01:20.000] $PSMT,VDI,A,1500,50,8,50,10,600,100,-91,4100,*1A
[2026-01-01 08:01:20.000] !AIVDM,1,1,,A,1>pf7hP01EOaM7tLUu<:S8L1P000,0*48
[2026-01-01 08:01:20.000] $PSMT,VDI,A,1500,50,8,50,10,600,100,-92,4100,*19
[2026-01-01 08:01:20.000] !AIVDM,1,1,,A,1>pf7hh00tOa=10LWe2G25`1P000,0*53
[2026-01-01 08:01:20.000] $PSMT,VDI,A,1500,50,8,50,10,600,100,-93,4100,*18
[2026-01-01 08:01:22.000] !AIVDO,1,1,,A,1>pf7h000jO`=<6LW6fAhQJ1P000,0*08
[2026-01-01 08:01:22.000] $GPRMC,080122.00,A,5000.0825,N,00511.8717,W,5.0,45.0,010126,,,A*73
[2026-01-01 08:01:22.000] $GPGGA,080122.00,5000.0825,N,00511.8717,W,1,08,0.9,10.0,M,48.0,M,,*4D
[2026-01-01 08:01:22.000] !AIVDM,1,1,,A,1>pf7h@01pO`cwBL`pd3Q2l1P000,0*7D
[2026-01-01 08:01:22.000] $PSMT,VDI,A,1500,50,8,50,10,600,100,-91,4100,*1A
[2026-01-01 08:01:22.000] !AIVDM,1,1,,A,1>pf7hP01EOaM5`LUu<:S8L1P000,0*5E
[2026-01-01 08:01:22.000] $PSMT,VDI,A,1500,50,8,50,10,600,100,-92,4100,*19
[2026-01-01 08:01:22.000] !AIVDM,1,1,,A,1>pf7hh00tOa=10LWdr725`1P000,0*62
[2026-01-01 08:01:22.000] $PSMT,VDI,A,1500,50,8,50,10,600,100,-93,4100,*18
[2026-01-01 08:01:24.000] !AIVDO,1,1,,A,1>pf7h000jO`==4LW6kAhQJ1P000,0*06
[2026-01-01 08:01:24.000] $GPRMC,080124.00,A,5000.0845,N,00511.8686,W,5.0,45.0,010126,,,A*7A
[2026-01-01 08:01:24.000] $GPGGA,080124.00,5000.0845,N,00511.8686,W,1,08,0.9,10.0,M,48.0,M,,*44
[2026-01-01 08:01:24.000] !AIVDM,1,1,,A,1>pf7h@01pO`d2PL`pd3Q2l1P000,0*2D
[2026-01-01 08:01:24.000] $PSMT,VDI,A,1500,50,8,50,10,600,100,-91,4100,*1A
[2026-01-01 08:01:24.000] !AIVDM,1,1,,A,1>pf7hP01EOaM3FLUu<:S8L1P000,0*7E
[2026-01-01 08:01:24.000] $PSMT,VDI,A,1500,50,8,50,10,600,100,-92,4100,*19
[2026-01-01 08:01:24.000] !AIVDM,1,1,,A,1>pf7hh00tOa=10LWdio25`1P000,0*21
[2026-01-01 08:01:24.000] $PSMT,VDI,A,1500,50,8,50,10,600,100,-93,4100,*18
[2026-01-01 08:01:26.000] !AIVDO,1,1,,A,1>pf7h000jO`=>2LW6p1hQJ1P000,0*68
[2026-01-01 08:01:26.000] $GPRMC,080126.00,A,5000.0864,N,00511.8655,W,5.0,45.0,010126,,,A*75
[2026-01-01 08:01:26.000] $GPGGA,080126.00,5000.0864,N,00511.8655,W,1,08,0.9,10.0,M,48.0,M,,*4B
[2026-01-01 08:01:26.000] !AIVDM,1,1,,A,1>pf7h@01pO`d5hL`pd3Q2l1P000,0*12
[2026-01-01 08:01:26.000] $PSMT,VDI,A,1500,50,8,50,10,600,100,-91,4100,*1A
[2026-01-01 08:01:26.000] !AIVDM,1,1,,A,1>pf7hP01EOaM14LUu<:S8L1P000,0*0E
[2026-01-01 08:01:26.000] $PSMT,VDI,A,1500,50,8,50,10,600,100,-92,4100,*19
[2026-01-01 08:01:26.000] !AIVDM,1,1,,A,1>pf7hh00tOa=10LWdaG25`1P000,0*01
[2026-01-01 08:01:26.000] $PSMT,VDI,A,1500,50,8,50,10,600,100,-93,4100,*18
[2026-01-01 08:01:28.000] !AIVDO,1,1,,A,1>pf7h000jO`=>vLW6u1hQJ1P000,0*29
[2026-01-01 08:01:28.000] $GPRMC,080128.00,A,5000.0884,N,00511.8625,W,5.0,45.0,010126,,,A*72
[2026-01-01 08:01:28.000] $GPGGA,080128.00,5000.0884,N,00511.8625,W,1,08,0.9,10.0,M,48.0,M,,*4C
[2026-01-01 08:01:28.000] !AIVDM,1,1,,A,1>pf7h@01pO`d90L`pd3Q2l1P000,0*46
[2026-01-01 08:01:28.000] $PSMT,VDI,A,1500,50,8,50,10,600,100,-91,4100,*1A
[2026-01-01 08:01:28.000] !AIVDM,1,1,,A,1>pf7hP01EOaLvhLUu<:S8L1P000,0*14
[2026-01-01 08:01:28.000] $PSMT,VDI,A,1500,50,8,50,10,600,100,-92,4100,*19
[2026-01-01 08:01:28.000] !AIVDM,1,1,,A,1>pf7hh00tOa=10LWdQ725`1P000,0*41
[2026-01-01 08:01:28.000] $PSMT,VDI,A,1500,50,8,50,10,600,100,-93,4100,*18
[2026-01-01 08:01:30.000] !AIVDO,1,1,,A,1>pf7h000jO`=?tLW721hQJ1P000,0*6C
[2026-01-01 08:01:30.000] $GPRMC,080130.00,A,5000.0904,N,00511.8594,W,5.0,45.0,010126,,,A*7B
[2026-01-01 08:01:30.000] $GPGGA,080130.00,5000.0904,N,00511.8594,W,1,08,0.9,10.0,M,48.0,M,,*45
[2026-01-01 08:01:30.000] !AIVDM,1,1,,A,1>pf7h@01pO`d<@L`pd3Q2l1P000,0*33
[2026-01-01 08:01:30.000] $PSMT,VDI,A,1500,50,8,50,10,600,100,-91,4100,*1A
[2026-01-01 08:01:30.000] !AIVDM,1,1,,A,1>pf7hP01EOaLtNLUu<:S8L1P000,0*30
[2026-01-01 08:01:30.000] $PSMT,VDI,A,1500,50,8,50,10,600,100,-92,4100,*19
[2026-01-01 08:01:30.000] !AIVDM,1,1,,A,1>pf7hh00tOa=10LWdHo25`1P000,0*00
[2026-01-01 08:01:30.000] $PSMT,VDI,A,1500,50,8,50,10,600,100,-93,4100,*18
[2026-01-01 08:01:32.000] !AIVDO,1,1,,A,1>pf7h000jO`=@pLW76ihQJ1P000,0*4B
[2026-01-01 08:01:32.000] $GPRMC,080132.00,A,5000.0923,N,00511.8564,W,5.0,45.0,010126,,,A*73
[2026-01-01 08:01:32.000] $GPGGA,080132.00,5000.0923,N,00511.8564,W,1,08,0.9,10.0,M,48.0,M,,*4D
[2026-01-01 08:01:32.000] !AIVDM,1,1,,A,1>pf7h@01pO`d?PL`pd3Q2l1P000,0*20
[2026-01-01 08:01:32.000] $PSMT,VDI,A,1500,50,8,50,10,600,100,-91,4100,*1A
[2026-01-01 08:01:32.000] !AIVDM,1,1,,A,1>pf7hP01EOaLr:LUu<:S8L1P000,0*42
[2026-01-01 08:01:32.000] $PSMT,VDI,A,1500,50,8,50,10,600,100,-92,4100,*19
[2026-01-01 08:01:32.000] !AIVDM,1,1,,A,1>pf7hh00tOa=10LWd@G25`1P000,0*20
[2026-01-01 08:01:32.000] $PSMT,VDI,A,1500,50,8,50,10,600,100,-93,4100,*18
[2026-01-01 08:01:34.000] !AIVDO,1,1,,A,1>pf7h000jO`=AnLW7;ihQJ1P000,0*59
[2026-01-01 08:01:34.000] $GPRMC,080134.00,A,5000.0943,N,00511.8533,W,5.0,45.0,010126,,,A*71
[2026-01-01 08:01:34.000] $GPGGA,080134.00,5000.0943,N,00511.8533,W,1,08,0.9,10.0,M,48.0,M,,*4F
[2026-01-01 08:01:34.000] !AIVDM,1,1,,A,1>pf7h@01pO`dBhL`pd3Q2l1P000,0*65
[2026-01-01 08:01:34.000] $PSMT,VDI,A,1500,50,8,50,10,600,100,-91,4100,*1A
[2026-01-01 08:01:34.000] !AIVDM,1,1,,A,1>pf7hP01EOaLopLUu<:S8L1P000,0*15
[2026-01-01 08:01:34.000] $PSMT,VDI,A,1500,50,8,50,10,600,100,-92,4100,*19
[2026-01-01 08:01:34.000] !AIVDM,1,1,,A,1>pf7hh00tOa=10LWd8725`1P000,0*28
[2026-01-01 08:01:34.000] $PSMT,VDI,A,1500,50,8,50,10,600,100,-93,4100,*18
[2026-01-01 08:01:36.000] !AIVDO,1,1,,A,1>pf7h000jO`=BjLW7@QhQJ1P000,0*1D
[2026-01-01 08:01:36.000] $GPRMC,080136.00,A,5000.0962,N,00511.8503,W,5.0,45.0,010126,,,A*73
[2026-01-01 08:01:36.000] $GPGGA,080136.00,5000.0962,N,00511.8503,W,1,08,0.9,10.0,M,48.0,M,,*4D
[2026-01-01 08:01:36.000] !AIVDM,1,1,,A,1>pf7h@01pO`dEvL`pd3Q2l1P000,0*7C
[2026-01-01 08:01:36.000] $PSMT,VDI,A,1500,50,8,50,10,600,100,-91,4100,*1A
[2026-01-01 08:01:36.000] !AIVDM,1,1,,A,1>pf7hP01EOaLmTLUu<:S8L1P000,0*33
[2026-01-01 08:01:36.000] $PSMT,VDI,A,1500,50,8,50,10,600,100,-92,4100,*19
[2026-01-01 08:01:36.000] !AIVDM,1,1,,A,1>pf7hh00tOa=10LWcwo25`1P000,0*38
[2026-01-01 08:01:36.000] $PSMT,VDI,A,1500,50,8,50,10,600,100,-93,4100,*18
[2026-01-01 08:01:38.000] !AIVDO,1,1,,A,1>pf7h000jO`=ChLW7EQhQJ1P000,0*1B
[2026-01-01 08:01:38.000] $GPRMC,080138.00,A,5000.0982,N,00511.8472,W,5.0,45.0,010126,,,A*74
[2026-01-01 08:01:38.000] $GPGGA,080138.00,5000.0982,N,00511.8472,W,1,08,0.9,10.0,M,48.0,M,,*4A
[2026-01-01 08:01:38.000] !AIVDM,1,1,,A,1>pf7h@01pO`dI>L`pd3Q2l1P000,0*38
[2026-01-01 08:01:38.000] $PSMT,VDI,A,1500,50,8,50,10,600,100,-91,4100,*1A
[2026-01-01 08:01:38.000] !AIVDM,1,1,,A,1>pf7hP01EOaLkBLUu<:S8L1P000,0*23
[2026-01-01 08:01:38.000] $PSMT,VDI,A,1500,50,8,50,10,600,100,-92,4100,*19
[2026-01-01 08:01:38.000] !AIVDM,1,1,,A,1>pf7hh00tOa=10LWcoG25`1P000,0*08
[2026-01-01 08:01:38.000] $PSMT,VDI,A,1500,50,8,50,10,600,100,-93,4100,*18
[2026-01-01 08:01:40.000] !AIVDO,1,1,,A,1>pf7h000jO`=DdLW7JQhQJ1P000,0*1F
[2026-01-01 08:01:40.000] $GPRMC,080140.00,A,5000.1002,N,00511.8442,W,5.0,45.0,010126,,,A*78
[2026-01-01 08:01:40.000] $GPGGA,080140.00,5000.1002,N,00511.8442,W,1,08,0.9,10.0,M,48.0,M,,*46
[2026-01-01 08:01:40.000] !AIVDM,1,1,,A,1>pf7h@01pO`dLNL`pd3Q2l1P000,0*4D
[2026-01-01 08:01:40.000] $PSMT,VDI,A,1500,50,8,50,10,600,100,-91,4100,*1A
[2026-01-01 08:01:40.000] !AIVDM,1,1,,A,1>pf7hP01EOaLi0LUu<:S8L1P000,0*53
[2026-01-01 08:01:40.000] $PSMT,VDI,A,1500,50,8,50,10,600,100,-92,4100,*19
[2026-01-01 08:01:40.000] !AIVDM,1,1,,A,1>pf7hh00tOa=10LWcg725`1P000,0*70
[2026-01-01 08:01:40.000] $PSMT,VDI,A,1500,50,8,50,10,600,100,-93,4100,*18
[2026-01-01 08:01:42.000] !AIVDO,1,1,,A,1>pf7h000jO`=EbLW7OAhQJ1P000,0*0D
[2026-01-01 08:01:42.000] $GPRMC,080142.00,A,5000.1021,N,00511.8411,W,5.0,45.0,010126,,,A*7D
[2026-01-01 08:01:42.000] $GPGGA,080142.00,5000.1021,N,00511.8411,W,1,08,0.9,10.0,M,48.0,M,,*43
[2026-01-01 08:01:42.000] !AIVDM,1,1,,A,1>pf7h@01pO`dOfL`pd3Q2l1P000,0*66
[2026-01-01 08:01:42.000] $PSMT,VDI,A,1500,50,8,50,10,600,100,-91,4100,*1A
[2026-01-01 08:01:42.000] !AIVDM,1,1,,A,1>pf7hP01EOaLfdLUu<:S8L1P000,0*08
[2026-01-01 08:01:42.000] $PSMT,VDI,A,1500,50,8,50,10,600,100,-92,4100,*19
[2026-01-01 08:01:42.000] !AIVDM,1,1,,A,1>pf7hh00tOa=10LWcVo25`1P000,0*19
[2026-01-01 08:01:42.000] $PSMT,VDI,A,1500,50,8,50,10,600,100,-93,4100,*18
[2026-01-01 08:01:44.000] !AIVDO,1,1,,A,1>pf7h000jO`=F`LW7TAhQJ1P000,0*17
[2026-01-01 08:01:44.000] $GPRMC,080144.00,A,5000.1041,N,00511.8380,W,5.0,45.0,010126,,,A*72
[2026-01-01 08:01:44.000] $GPGGA,080144.00,5000.1041,N,00511.8380,W,1,08,0.9,10.0,M,48.0,M,,*4C
[2026-01-01 08:01:44.000] !AIVDM,1,1,,A,1>pf7h@01pO`dRvL`pd3Q2l1P000,0*6B
[2026-01-01 08:01:44.000] $PSMT,VDI,A,1500,50,8,50,10,600,100,-91,4100,*1A
[2026-01-01 08:01:44.000] !AIVDM,1,1,,A,1>pf7hP01EOaLdJLUu<:S8L1P000,0*24
[2026-01-01 08:01:44.000] $PSMT,VDI,A,1500,50,8,50,10,600,100,-92,4100,*19
[2026-01-01 08:01:44.000] !AIVDM,1,1,,A,1>pf7hh00tOa=10LWcNG25`1P000,0*29
[2026-01-01 08:01:44.000] $PSMT,VDI,A,1500,50,8,50,10,600,100,-93,4100,*18
[2026-01-01 08:01:46.000] !AIVDO,1,1,,A,1>pf7h000jO`=GTLW7aAhQJ1P000,0*17
[2026-01-01 08:01:46.000] $GPRMC,080146.00,A,5000.1061,N,00511.8350,W,5.0,45.0,010126,,,A*7F
[2026-01-01 08:01:46.000] $GPGGA,080146.00,5000.1061,N,00511.8350,W,1,08,0.9,10.0,M,48.0,M,,*41
[2026-01-01 08:01:46.000] !AIVDM,1,1,,A,1>pf7h@01pO`dV<L`pd3Q2l1P000,0*25
[2026-01-01 08:01:46.000] $PSMT,VDI,A,1500,50,8,50,10,600,100,-91,4100,*1A
[2026-01-01 08:01:46.000] !AIVDM,1,1,,A,1>pf7hP01EOaLb6LUu<:S8L1P000,0*5E
[2026-01-01 08:01:46.000] $PSMT,VDI,A,1500,50,8,50,10,600,100,-92,4100,*19
[2026-01-01 08:01:46.000] !AIVDM,1,1,,A,1>pf7hh00tOa=10LWcF725`1P000,0*51
[2026-01-01 08:01:46.000] $PSMT,VDI,A,1500,50,8,50,10,600,100,-93,4100,*18
[2026-01-01 08:01:48.000] !AIVDO,1,1,,A,1>pf7h000jO`=HRLW7f1hQJ1P000,0*69
[2026-01-01 08:01:48.000] $GPRMC,080148.00,A,5000.1080,N,00511.8319,W,5.0,45.0,010126,,,A*73
[2026-01-01 08:01:48.000] $GPGGA,080148.00,5000.1080,N,00511.8319,W,1,08,0.9,10.0,M,48.0,M,,*4D
[2026-01-01 08:01:48.000] !AIVDM,1,1,,A,1>pf7h@01pO`daLL`pd3Q2l1P000,0*62
[2026-01-01 08:01:48.000] $PSMT,VDI,A,1500,50,8,50,10,600,100,-91,4100,*1A
[2026-01-01 08:01:48.000] !AIVDM,1,1,,A,1>pf7hP01EOaLWlLUu<:S8L1P000,0*31
[2026-01-01 08:01:48.000] $PSMT,VDI,A,1500,50,8,50,10,600,100,-92,4100,*19
[2026-01-01 08:01:48.000] !AIVDM,1,1,,A,1>pf7hh00tOa=10LWc=o25`1P000,0*72
[2026-01-01 08:01:48.000] $PSMT,VDI,A,1500,50,8,50,10,600,100,-93,4100,*18
[2026-01-01 08:01:50.000] !AIVDO,1,1,,A,1>pf7h000jO`=INLW7k1hQJ1P000,0*79
[2026-01-01 08:01:50.000] $GPRMC,080150.00,A,5000.1100,N,00511.8289,W,5.0,45.0,010126,,,A*7B
[2026-01-01 08:01:50.000] $GPGGA,080150.00,5000.1100,N,00511.8289,W,1,08,0.9,10.0,M,48.0,M,,*45
[2026-01-01 08:01:50.000] !AIVDM,1,1,,A,1>pf7h@01pO`dddL`pd3Q2l1P000,0*4F
[2026-01-01 08:01:50.000] $PSMT,VDI,A,1500,50,8,50,10,600,100,-91,4100,*1A
[2026-01-01 08:01:50.000] !AIVDM,1,1,,A,1>pf7hP01EOaLURLUu<:S8L1P000,0*0D
[2026-01-01 08:01:50.000] $PSMT,VDI,A,1500,50,8,50,10,600,100,-92,4100,*19
[2026-01-01 08:01:50.000] !AIVDM,1,1,,A,1>pf7hh00tOa=10LWc5G25`1P000,0*52
[2026-01-01 08:01:50.000] $PSMT,VDI,A,1500,50,8,50,10,600,100,-93,4100,*18
[2026-01-01 08:01:52.000] !AIVDO,1,1,,A,1>pf7h000jO`=JLLW7p1hQJ1P000,0*63
[2026-01-01 08:01:52.000] $GPRMC,080152.00,A,5000.1120,N,00511.8258,W,5.0,45.0,010126,,,A*77
[2026-01-01 08:01:52.000] $GPGGA,080152.00,5000.1120,N,00511.8258,W,1,08,0.9,10.0,M,48.0,M,,*49
[2026-01-01 08:01:52.000] !AIVDM,1,1,,A,1>pf7h@01pO`dgtL`pd3Q2l1P000,0*5C
[2026-01-01 08:01:52.000] $PSMT,VDI,A,1500,50,8,50,10,600,100,-91,4100,*1A
[2026-01-01 08:01:52.000] !AIVDM,1,1,,A,1>pf7hP01EOaLS>LUu<:S8L1P000,0*67
[2026-01-01 08:01:52.000] $PSMT,VDI,A,1500,50,8,50,10,600,100,-92,4100,*19
[2026-01-01 08:01:52.000] !AIVDM,1,1,,A,1>pf7hh00tOa=10LWbu725`1P000,0*63
[2026-01-01 08:01:52.000] $PSMT,VDI,A,1500,50,8,50,10,600,100,-93,4100,*18
[2026-01-01 08:01:54.000] !AIVDO,1,1,,A,1>pf7h000jO`=KHLW7tihQJ1P000,0*3A
[2026-01-01 08:01:54.000] $GPRMC,080154.00,A,5000.1139,N,00511.8228,W,5.0,45.0,010126,,,A*7E
[2026-01-01 08:01:54.000] $GPGGA,080154.00,5000.1139,N,00511.8228,W,1,08,0.9,10.0,M,48.0,M,,*40
[2026-01-01 08:01:54.000] !AIVDM,1,1,,A,1>pf7h@01pO`dk<L`pd3Q2l1P000,0*18
[2026-01-01 08:01:54.000] $PSMT,VDI,A,1500,50,8,50,10,600,100,-91,4100,*1A
[2026-01-01 08:01:54.000] !AIVDM,1,1,,A,1>pf7hP01EOaLPtLUu<:S8L1P000,0*2E
[2026-01-01 08:01:54.000] $PSMT,VDI,A,1500,50,8,50,10,600,100,-92,4100,*19
[2026-01-01 08:01:54.000] !AIVDM,1,1,,A,1>pf7hh00tOa=10LWblo25`1P000,0*22
[2026-01-01 08:01:54.000] $PSMT,VDI,A,1500,50,8,50,10,600,100,-93,4100,*18
[2026-01-01 08:01:56.000] !AIVDO,1,1,,A,1>pf7h000jO`=LFLW81ihQJ1P000,0*79
[2026-01-01 08:01:56.000] $GPRMC,080156.00,A,5000.1159,N,00511.8197,W,5.0,45.0,010126,,,A*7D
[2026-01-01 08:01:56.000] $GPGGA,080156.00,5000.1159,N,00511.8197,W,1,08,0.9,10.0,M,48.0,M,,*43
[2026-01-01 08:01:56.000] !AIVDM,1,1,,A,1>pf7h@01pO`dnLL`pd3Q2l1P000,0*6D
[2026-01-01 08:01:56.000] $PSMT,VDI,A,1500,50,8,50,10,600,100,-91,4100,*1A
[2026-01-01 08:01:56.000] !AIVDM,1,1,,A,1>pf7hP01EOaLN`LUu<:S8L1P000,0*24
[2026-01-01 08:01:56.000] $PSMT,VDI,A,1500,50,8,50,10,600,100,-92,4100,*19
[2026-01-01 08:01:56.000] !AIVDM,1,1,,A,1>pf7hh00tOa=10LWbdG25`1P000,0*02
[2026-01-01 08:01:56.000] $PSMT,VDI,A,1500,50,8,50,10,600,100,-93,4100,*18
[2026-01-01 08:01:58.000] !AIVDO,1,1,,A,1>pf7h000jO`=MBLW86ihQJ1P000,0*7B
[2026-01-01 08:01:58.000] $GPRMC,080158.00,A,5000.1179,N,00511.8167,W,5.0,45.0,010126,,,A*7E
[2026-01-01 08:01:58.000] $GPGGA,080158.00,5000.1179,N,00511.8167,W,1,08,0.9,10.0,M,48.0,M,,*40
[2026-01-01 08:01:58.000] !AIVDM,1,1,,A,1>pf7h@01pO`dqbL`pd3Q2l1P000,0*5C
[2026-01-01 08:01:58.000] $PSMT,VDI,A,1500,50,8,50,10,600,100,-91,4100,*1A
[2026-01-01 08:01:58.000] !AIVDM,1,1,,A,1>pf7hP01EOaLLFLUu<:S8L1P000,0*00
[2026-01-01 08:01:58.000] $PSMT,VDI,A,1500,50,8,50,10,600,100,-92,4100,*19
[2026-01-01 08:01:58.000] !AIVDM,1,1,,A,1>pf7hh00tOa=10LWbT725`1P000,0*42
[2026-01-01 08:01:58.000] $PSMT,VDI,A,1500,50,8,50,10,600,100,-93,4100,*18
[2026-01-01 08:02:00.000] !AIVDO,1,1,,A,1>pf7h000jO`=N@LW8;QhQJ1P000,0*4F
[2026-01-01 08:02:00.000] $GPRMC,080200.00,A,5000.1198,N,00511.8136,W,5.0,45.0,010126,,,A*7B
[2026-01-01 08:02:00.000] $GPGGA,080200.00,5000.1198,N,00511.8136,W,1,08,0.9,10.0,M,48.0,M,,*45
[2026-01-01 08:02:00.000] !AIVDM,1,1,,A,1>pf7h@01pO`dtrL`pd3Q2l1P000,0*49
[2026-01-01 08:02:00.000] $PSMT,VDI,A,1500,50,8,50,10,600,100,-91,4100,*1A
[2026-01-01 08:02:00.000] !AIVDM,1,1,,A,1>pf7hP01EOaLJ2LUu<:S8L1P000,0*72
[2026-01-01 08:02:00.000] $PSMT,VDI,A,1500,50,8,50,10,600,100,-92,4100,*19
[2026-01-01 08:02:00.000] !AIVDM,1,1,,A,1>pf7hh00tOa=10LWbKo25`1P000,0*05
[2026-01-01 08:02:00.000] $PSMT,VDI,A,1500,50,8,50,10,600,100,-93,4100,*18
[2026-01-01 08:02:02.000] !AIVDO,1,1,,A,1>pf7h000jO`=O>LW8@QhQJ1P000,0*4B
[2026-01-01 08:02:02.000] $GPRMC,080202.00,A,5000.1218,N,00511.8105,W,5.0,45.0,010126,,,A*72
[2026-01-01 08:02:02.000] $GPGGA,080202.00,5000.1218,N,00511.8105,W,1,08,0.9,10.0,M,48.0,M,,*4C
[2026-01-01 08:02:02.000] !AIVDM,1,1,,A,1>pf7h@01pO`e0:L`pd3Q2l1P000,0*44
[2026-01-01 08:02:02.000] $PSMT,VDI,A,1500,50,8,50,10,600,100,-91,4100,*1A
[2026-01-01 08:02:02.000] !AIVDM,1,1,,A,1>pf7hP01EOaLGhLUu<:S8L1P000,0*25
[2026-01-01 08:02:02.000] $PSMT,VDI,A,1500,50,8,50,10,600,100,-92,4100,*19
[2026-01-01 08:02:02.000] !AIVDM,1,1,,A,1>pf7hh00tOa=10LWbCG25`1P000,0*25
[2026-01-01 08:02:02.000] $PSMT,VDI,A,1500,50,8,50,10,600,100,-93,4100,*18
[2026-01-01 08:02:04.000] !AIVDO,1,1,,A,1>pf7h000jO`=P:LW8EAhQJ1P000,0*45
[2026-01-01 08:02:04.000] $GPRMC,080204.00,A,5000.1237,N,00511.8075,W,5.0,45.0,010126,,,A*7F
[2026-01-01 08:02:04.000] $GPGGA,080204.00,5000.1237,N,00511.8075,W,1,08,0.9,10.0,M,48.0,M,,*41
[2026-01-01 08:02:04.000] !AIVDM,1,1,,A,1>pf7h@01pO`e3JL`pd3Q2l1P000,0*37
[2026-01-01 08:02:04.000] $PSMT,VDI,A,1500,50,8,50,10,600,100,-91,4100,*1A
[2026-01-01 08:02:04.000] !AIVDM,1,1,,A,1>pf7hP01EOaLENLUu<:S8L1P000,0*01
[2026-01-01 08:02:04.000] $PSMT,VDI,A,1500,50,8,50,10,600,100,-92,4100,*19
[2026-01-01 08:02:04.000] !AIVDM,1,1,,A,1>pf7hh00tOa=10LWb;725`1P000,0*2D
[2026-01-01 08:02:04.000] $PSMT,VDI,A,1500,50,8,50,10,600,100,-93,4100,*18
[2026-01-01 08:02:06.000] !AIVDO,1,1,,A,1>pf7h000jO`=Q8LW8JAhQJ1P000,0*49
[2026-01-01 08:02:06.000] $GPRMC,080206.00,A,5000.1257,N,00511.8044,W,5.0,45.0,010126,,,A*79
[2026-01-01 08:02:06.000] $GPGGA,080206.00,5000.1257,N,00511.8044,W,1,08,0.9,10.0,M,48.0,M,,*47
[2026-01-01 08:02:06.000] !AIVDM,1,1,,A,1>pf7h@01pO`e6bL`pd3Q2l1P000,0*1A
[2026-01-01 08:02:06.000] $PSMT,VDI,A,1500,50,8,50,10,600,100,-91,4100,*1A
[2026-01-01 08:02:06.000] !AIVDM,1,1,,A,1>pf7hP01EOaLC:LUu<:S8L1P000,0*73
[2026-01-01 08:02:06.000] $PSMT,VDI,A,1500,50,8,50,10,600,100,-92,4100,*19
[2026-01-01 08:02:06.000] !AIVDM,1,1,,A,1>pf7hh00tOa=10LWb2o25`1P000,0*7C
[2026-01-01 08:02:06.000] $PSMT,VDI,A,1500,50,8,50,10,600,100,-93,4100,*18
[2026-01-01 08:02:08.000] !AIVDO,1,1,,A,1>pf7h000jO`=R4LW8OAhQJ1P000,0*43
[2026-01-01 08:02:08.000] $GPRMC,080208.00,A,5000.1277,N,00511.8014,W,5.0,45.0,010126,,,A*70
[2026-01-01 08:02:08.000] $GPGGA,080208.00,5000.1277,N,00511.8014,W,1,08,0.9,10.0,M,48.0,M,,*4E
[2026-01-01 08:02:08.000] !AIVDM,1,1,,A,1>pf7h@01pO`e9pL`pd3Q2l1P000,0*07
[2026-01-01 08:02:08.000] $PSMT,VDI,A,1500,50,8,50,10,600,100,-91,4100,*1A
[2026-01-01 08:02:08.000] !AIVDM,1,1,,A,1>pf7hP01EOaL@pLUu<:S8L1P000,0*3A
[2026-01-01 08:02:08.000] $PSMT,VDI,A,1500,50,8,50,10,600,100,-92,4100,*19
[2026-01-01 08:02:08.000] !AIVDM,1,1,,A,1>pf7hh00tOa=10LWarG25`1P000,0*17
[2026-01-01 08:02:08.000] $PSMT,VDI,A,1500,50,8,50,10,600,100,-93,4100,*18
[2026-01-01 08:02:10.000] !AIVDO,1,1,,A,1>pf7h000jO`=S2LW8T1hQJ1P000,0*2F
[2026-01-01 08:02:10.000] $GPRMC,080210.00,A,5000.1296,N,00511.7983,W,5.0,45.0,010126,,,A*7E
[2026-01-01 08:02:10.000] $GPGGA,080210.00,5000.1296,N,00511.7983,W,1,08,0.9,10.0,M,48.0,M,,*40
[2026-01-01 08:02:10.000] !AIVDM,1,1,,A,1>pf7h@01pO`e=8L`pd3Q2l1P000,0*4B
[2026-01-01 08:02:10.000] $PSMT,VDI,A,1500,50,8,50,10,600,100,-91,4100,*1A
[2026-01-01 08:02:10.000] !AIVDM,1,1,,A,1>pf7hP01EOaL>TLUu<:S8L1P000,0*60
[2026-01-01 08:02:10.000] $PSMT,VDI,A,1500,50,8,50,10,600,100,-92,4100,*19
[2026-01-01 08:02:10.000] !AIVDM,1,1,,A,1>pf7hh00tOa=10LWaj725`1P000,0*7F
[2026-01-01 08:02:10.000] $PSMT,VDI,A,1500,50,8,50,10,600,100,-93,4100,*18
[2026-01-01 08:02:12.000] !AIVDO,1,1,,A,1>pf7h000jO`=SvLW8a1hQJ1P000,0*5E
[2026-01-01 08:02:12.000] $GPRMC,080212.00,A,5000.1316,N,00511.7953,W,5.0,45.0,010126,,,A*78
[2026-01-01 08:02:12.000] $GPGGA,080212.00,5000.1316,N,00511.7953,W,1,08,0.9,10.0,M,48.0,M,,*46
[2026-01-01 08:02:12.000] !AIVDM,1,1,,A,1>pf7h@01pO`e@HL`pd3Q2l1P000,0*46
[2026-01-01 08:02:12.000] $PSMT,VDI,A,1500,50,8,50,10,600,100,-91,4100,*1A
[2026-01-01 08:02:12.000] !AIVDM,1,1,,A,1>pf7hP01EOaL<BLUu<:S8L1P000,0*74
[2026-01-01 08:02:12.000] $PSMT,VDI,A,1500,50,8,50,10,600,100,-92,4100,*19
[2026-01-01 08:02:12.000] !AIVDM,1,1,,A,1>pf7hh00tOa=10LWaao25`1P000,0*2C
[2026-01-01 08:02:12.000] $PSMT,VDI,A,1500,50,8,50,10,600,100,-93,4100,*18
[2026-01-01 08:02:14.000] !AIVDO,1,1,,A,1>pf7h000jO`=TtLW8f1hQJ1P000,0*5C
[2026-01-01 08:02:14.000] $GPRMC,080214.00,A,5000.1336,N,00511.7922,W,5.0,45.0,010126,,,A*7A
[2026-01-01 08:02:14.000] $GPGGA,080214.00,5000.1336,N,00511.7922,W,1,08,0.9,10.0,M,48.0,M,,*44
[2026-01-01 08:02:14.000] !AIVDM,1,1,,A,1>pf7h@01pO`eC`L`pd3Q2l1P000,0*6D
[2026-01-01 08:02:14.000] $PSMT,VDI,A,1500,50,8,50,10,600,100,-91,4100,*1A
[2026-01-01 08:02:14.000] !AIVDM,1,1,,A,1>pf7hP01EOaL:0LUu<:S8L1P000,0*00
[2026-01-01 08:02:14.000] $PSMT,VDI,A,1500,50,8,50,10,600,100,-92,4100,*19
[2026-01-01 08:02:14.000] !AIVDM,1,1,,A,1>pf7hh00tOa=10LWaQG25`1P000,0*34
[2026-01-01 08:02:14.000] $PSMT,VDI,A,1500,50,8,50,10,600,100,-93,4100,*18
[2026-01-01 08:02:16.000] !AIVDO,1,1,,A,1>pf7h000jO`=UrLW8jihQJ1P000,0*0F
[2026-01-01 08:02:16.000] $GPRMC,080216.00,A,5000.1355,N,00511.7891,W,5.0,45.0,010126,,,A*74
[2026-01-01 08:02:16.000] $GPGGA,080216.00,5000.1355,N,00511.7891,W,1,08,0.9,10.0,M,48.0,M,,*4A
[2026-01-01 08:02:16.000] !AIVDM,1,1,,A,1>pf7h@01pO`eFpL`pd3Q2l1P000,0*78
[2026-01-01 08:02:16.000] $PSMT,VDI,A,1500,50,8,50,10,600,100,-91,4100,*1A
[2026-01-01 08:02:16.000] !AIVDM,1,1,,A,1>pf7hP01EOaL7dLUu<:S8L1P000,0*59
[2026-01-01 08:02:16.000] $PSMT,VDI,A,1500,50,8,50,10,600,100,-92,4100,*19
[2026-01-01 08:02:16.000] !AIVDM,1,1,,A,1>pf7hh00tOa=10LWaI725`1P000,0*5C
[2026-01-01 08:02:16.000] $PSMT,VDI,A,1500,50,8,50,10,600,100,-93,4100,*18
[2026-01-01 08:02:18.000] !AIVDO,1,1,,A,1>pf7h000jO`=VnLW8oihQJ1P000,0*15
[2026-01-01 08:02:18.000] $GPRMC,080218.00,A,5000.1375,N,00511.7861,W,5.0,45.0,010126,,,A*77
[2026-01-01 08:02:18.000] $GPGGA,080218.00,5000.1375,N,00511.7861,W,1,08,0.9,10.0,M,48.0,M,,*49
[2026-01-01 08:02:18.000] !AIVDM,1,1,,A,1>pf7h@01pO`eJ8L`pd3Q2l1P000,0*3C
[2026-01-01 08:02:18.000] $PSMT,VDI,A,1500,50,8,50,10,600,100,-91,4100,*1A
[2026-01-01 08:02:18.000] !AIVDM,1,1,,A,1>pf7hP01EOaL5JLUu<:S8L1P000,0*75
[2026-01-01 08:02:18.000] $PSMT,VDI,A,1500,50,8,50,10,600,100,-92,4100,*19
[2026-01-01 08:02:18.000] !AIVDM,1,1,,A,1>pf7hh00tOa=10LWa@o25`1P000,0*0D
[2026-01-01 08:02:18.000] $PSMT,VDI,A,1500,50,8,50,10,600,100,-93,4100,*18
[2026-01-01 08:02:20.000] !AIVDO,1,1,,A,1>pf7h000jO`=WlLW8tihQJ1P000,0*0D
[2026-01-01 08:02:20.000] $GPRMC,080220.00,A,5000.1395,N,00511.7830,W,5.0,45.0,010126,,,A*76
[2026-01-01 08:02:20.000] $GPGGA,080220.00,5000.1395,N,00511.7830,W,1,08,0.9,10.0,M,48.0,M,,*48
[2026-01-01 08:02:20.000] !AIVDM,1,1,,A,1>pf7h@01pO`eMFL`pd3Q2l1P000,0*45
[2026-01-01 08:02:20.000] $PSMT,VDI,A,1500,50,8,50,10,600,100,-91,4100,*1A
[2026-01-01 08:02:20.000] !AIVDM,1,1,,A,1>pf7hP01EOaL36LUu<:S8L1P000,0*0F
[2026-01-01 08:02:20.000] $PSMT,VDI,A,1500,50,8,50,10,600,100,-92,4100,*19
[2026-01-01 08:02:20.000] !AIVDM,1,1,,A,1>pf7hh00tOa=10LWa8G25`1P000,0*5D
[2026-01-01 08:02:20.000] $PSMT,VDI,A,1500,50,8,50,10,600,100,-93,4100,*18
[2026-01-01 08:02:22.000] !AIVDO,1,1,,A,1>pf7h000jO`=`hLW91QhQJ1P000,0*42
[2026-01-01 08:02:22.000] $GPRMC,080222.00,A,5000.1414,N,00511.7800,W,5.0,45.0,010126,,,A*79
[2026-01-01 08:02:22.000] $GPGGA,080222.00,5000.1414,N,00511.7800,W,1,08,0.9,10.0,M,48.0,M,,*47
[2026-01-01 08:02:22.000] !AIVDM,1,1,,A,1>pf7h@01pO`ePVL`pd3Q2l1P000,0*48
[2026-01-01 08:02:22.000] $PSMT,VDI,A,1500,50,8,50,10,600,100,-91,4100,*1A
[2026-01-01 08:02:22.000] !AIVDM,1,1,,A,1>pf7hP01EOaL0lLUu<:S8L1P000,0*56
[2026-01-01 08:02:22.000] $PSMT,VDI,A,1500,50,8,50,10,600,100,-92,4100,*19
[2026-01-01 08:02:22.000] !AIVDM,1,1,,A,1>pf7hh00tOa=10LWa0725`1P000,0*25
[2026-01-01 08:02:22.000] $PSMT,VDI,A,1500,50,8,50,10,600,100,-93,4100,*18
[2026-01-01 08:02:24.000] !AIVDO,1,1,,A,1>pf7h000jO`=afLW96QhQJ1P000,0*4A
[2026-01-01 08:02:24.000] $GPRMC,080224.00,A,5000.1434,N,00511.7769,W,5.0,45.0,010126,,,A*7D
[2026-01-01 08:02:24.000] $GPGGA,080224.00,5000.1434,N,00511.7769,W,1,08,0.9,10.0,M,48.0,M,,*43
[2026-01-01 08:02:24.000] !AIVDM,1,1,,A,1>pf7h@01pO`eSnL`pd3Q2l1P000,0*73
[2026-01-01 08:02:24.000] $PSMT,VDI,A,1500,50,8,50,10,600,100,-91,4100,*1A
[2026-01-01 08:02:24.000] !AIVDM,1,1,,A,1>pf7hP01EOaKvPLUu<:S8L1P000,0*2B
[2026-01-01 08:02:24.000] $PSMT,VDI,A,1500,50,8,50,10,600,100,-92,4100,*19
[2026-01-01 08:02:24.000] !AIVDM,1,1,,A,1>pf7hh00tOa=10LW`oo25`1P000,0*23
[2026-01-01 08:02:24.000] $PSMT,VDI,A,1500,50,8,50,10,600,100,-93,4100,*18
[2026-01-01 08:02:26.000] !AIVDO,1,1,,A,1>pf7h000jO`=bbLW9;AhQJ1P000,0*50
[2026-01-01 08:02:26.000] $GPRMC,080226.00,A,5000.1453,N,00511.7739,W,5.0,45.0,010126,,,A*7B
[2026-01-01 08:02:26.000] $GPGGA,080226.00,5000.1453,N,00511.7739,W,1,08,0.9,10.0,M,48.0,M,,*45
[2026-01-01 08:02:26.000] !AIVDM,1,1,,A,1>pf7h@01pO`eW6L`pd3Q2l1P000,0*2F
[2026-01-01 08:02:26.000] $PSMT,VDI,A,1500,50,8,50,10,600,100,-91,4100,*1A
[2026-01-01 08:02:26.000] !AIVDM,1,1,,A,1>pf7hP01EOaKt>LUu<:S8L1P000,0*47
[2026-01-01 08:02:26.000] $PSMT,VDI,A,1500,50,8,50,10,600,100,-92,4100,*19
[2026-01-01 08:02:26.000] !AIVDM,1,1,,A,1>pf7hh00tOa=10LW`gG25`1P000,0*03
[2026-01-01 08:02:26.000] $PSMT,VDI,A,1500,50,8,50,10,600,100,-93,4100,*18
[2026-01-01 08:02:28.000] !AIVDO,1,1,,A,1>pf7h000jO`=c`LW9@AhQJ1P000,0*28
[2026-01-01 08:02:28.000] $GPRMC,080228.00,A,5000.1473,N,00511.7708,W,5.0,45.0,010126,,,A*75
[2026-01-01 08:02:28.000] $GPGGA,080228.00,5000.1473,N,00511.7708,W,1,08,0.9,10.0,M,48.0,M,,*4B
[2026-01-01 08:02:28.000] !AIVDM,1,1,,A,1>pf7h@01pO`ebFL`pd3Q2l1P000,0*6A
[2026-01-01 08:02:28.000] $PSMT,VDI,A,1500,50,8,50,10,600,100,-91,4100,*1A
[2026-01-01 08:02:28.000] !AIVDM,1,1,,A,1>pf7hP01EOaKqtLUu<:S8L1P000,0*08
[2026-01-01 08:02:28.000] $PSMT,VDI,A,1500,50,8,50,10,600,100,-92,4100,*19
[2026-01-01 08:02:28.000] !AIVDM,1,1,,A,1>pf7hh00tOa=10LW`W725`1P000,0*43
[2026-01-01 08:02:28.000] $PSMT,VDI,A,1500,50,8,50,10,600,100,-93,4100,*18
[2026-01-01 08:02:30.000] !AIVDO,1,1,,A,1>pf7h000jO`=dTLW9EAhQJ1P000,0*1E
[2026-01-01 08:02:30.000] $GPRMC,080230.00,A,5000.1493,N,00511.7678,W,5.0,45.0,010126,,,A*74
[2026-01-01 08:02:30.000] $GPGGA,080230.00,5000.1493,N,00511.7678,W,1,08,0.9,10.0,M,48.0,M,,*4A
[2026-01-01 08:02:30.000] !AIVDM,1,1,,A,1>pf7h@01pO`eeVL`pd3Q2l1P000,0*7D
[2026-01-01 08:02:30.000] $PSMT,VDI,A,1500,50,8,50,10,600,100,-91,4100,*1A
[2026-01-01 08:02:30.000] !AIVDM,1,1,,A,1>pf7hP01EOaKo`LUu<:S8L1P000,0*02
[2026-01-01 08:02:30.000] $PSMT,VDI,A,1500,50,8,50,10,600,100,-92,4100,*19
[2026-01-01 08:02:30.000] !AIVDM,1,1,,A,1>pf7hh00tOa=10LW`No25`1P000,0*02
[2026-01-01 08:02:30.000] $PSMT,VDI,A,1500,50,8,50,10,600,100,-93,4100,*18
[2026-01-01 08:02:32.000] !AIVDO,1,1,,A,1>pf7h000jO`=eRLW9J1hQJ1P000,0*66
[2026-01-01 08:02:32.000] $GPRMC,080232.00,A,5000.1512,N,00511.7647,W,5.0,45.0,010126,,,A*72
[2026-01-01 08:02:32.000] $GPGGA,080232.00,5000.1512,N,00511.7647,W,1,08,0.9,10.0,M,48.0,M,,*4C
[2026-01-01 08:02:32.000] !AIVDM,1,1,,A,1>pf7h@01pO`ehlL`pd3Q2l1P000,0*4A
[2026-01-01 08:02:32.000] $PSMT,VDI,A,1500,50,8,50,10,600,100,-91,4100,*1A
[2026-01-01 08:02:32.000] !AIVDM,1,1,,A,1>pf7hP01EOaKmFLUu<:S8L1P000,0*26
[2026-01-01 08:02:32.000] $PSMT,VDI,A,1500,50,8,50,10,600,100,-92,4100,*19
[2026-01-01 08:02:32.000] !AIVDM,1,1,,A,1>pf7hh00tOa=10LW`FG25`1P000,0*22
[2026-01-01 08:02:32.000] $PSMT,VDI,A,1500,50,8,50,10,600,100,-93,4100,*18
[2026-01-01 08:02:34.000] !AIVDO,1,1,,A,1>pf7h000jO`=fPLW9O1hQJ1P000,0*62
[2026-01-01 08:02:34.000] $GPRMC,080234.00,A,5000.1532,N,00511.7616,W,5.0,45.0,010126,,,A*72
[2026-01-01 08:02:34.000] $GPGGA,080234.00,5000.1532,N,00511.7616,W,1,08,0.9,10.0,M,48.0,M,,*4C
[2026-01-01 08:02:34.000] !AIVDM,1,1,,A,1>pf7h@01pO`el4L`pd3Q2l1P000,0*16
[2026-01-01 08:02:34.000] $PSMT,VDI,A,1500,50,8,50,10,600,100,-91,4100,*1A
[2026-01-01 08:02:34.000] !AIVDM,1,1,,A,1>pf7hP01EOaKk2LUu<:S8L1P000,0*54
[2026-01-01 08:02:34.000] $PSMT,VDI,A,1500,50,8,50,10,600,100,-92,4100,*19
[2026-01-01 08:02:34.000] !AIVDM,1,1,,A,1>pf7hh00tOa=10LW`>725`1P000,0*2A
[2026-01-01 08:02:34.000] $PSMT,VDI,A,1500,50,8,50,10,600,100,-93,4100,*18
[2026-01-01 08:02:36.000] !AIVDO,1,1,,A,1>pf7h000jO`=gLLW9T1hQJ1P000,0*64
[2026-01-01 08:02:36.000] $GPRMC,080236.00,A,5000.1552,N,00511.7586,W,5.0,45.0,010126,,,A*7C
[2026-01-01 08:02:36.000] $GPGGA,080236.00,5000.1552,N,00511.7586,W,1,08,0.9,10.0,M,48.0,M,,*42
[2026-01-01 08:02:36.000] !AIVDM,1,1,,A,1>pf7h@01pO`eoDL`pd3Q2l1P000,0*65
[2026-01-01 08:02:36.000] $PSMT,VDI,A,1500,50,8,50,10,600,100,-91,4100,*1A
[2026-01-01 08:02:36.000] !AIVDM,1,1,,A,1>pf7hP01EOaKhhLUu<:S8L1P000,0*0D
[2026-01-01 08:02:36.000] $PSMT,VDI,A,1500,50,8,50,10,600,100,-92,4100,*19
[2026-01-01 08:02:36.000] !AIVDM,1,1,,A,1>pf7hh00tOa=10LW`5o25`1P000,0*79
[2026-01-01 08:02:36.000] $PSMT,VDI,A,1500,50,8,50,10,600,100,-93,4100,*18
[2026-01-01 08:02:38.000] !AIVDO,1,1,,A,1>pf7h000jO`=hJLW9`ihQJ1P000,0*01
[2026-01-01 08:02:38.000] $GPRMC,080238.00,A,5000.1571,N,00511.7555,W,5.0,45.0,010126,,,A*7D
[2026-01-01 08:02:38.000] $GPGGA,080238.00,5000.1571,N,00511.7555,W,1,08,0.9,10.0,M,48.0,M,,*43
[2026-01-01 08:02:38.000] !AIVDM,1,1,,A,1>pf7h@01pO`erTL`pd3Q2l1P000,0*68
[2026-01-01 08:02:38.000] $PSMT,VDI,A,1500,50,8,50,10,600,100,-91,4100,*1A
[2026-01-01 08:02:38.000] !AIVDM,1,1,,A,1>pf7hP01EOaKfLLUu<:S8L1P000,0*27
[2026-01-01 08:02:38.000] $PSMT,VDI,A,1500,50,8,50,10,600,100,-92,4100,*19
[2026-01-01 08:02:38.000] !AIVDM,1,1,,A,1>pf7hh00tOa=10LWWuG25`1P000,0*26
[2026-01-01 08:02:38.000] $PSMT,VDI,A,1500,50,8,50,10,600,100,-93,4100,*18
[2026-01-01 08:02:40.000] !AIVDO,1,1,,A,1>pf7h000jO`=iFLW9eihQJ1P000,0*09
[2026-01-01 08:02:40.000] $GPRMC,080240.00,A,5000.1591,N,00511.7525,W,5.0,45.0,010126,,,A*7B
[2026-01-01 08:02:40.000] $GPGGA,080240.00,5000.1591,N,00511.7525,W,1,08,0.9,10.0,M,48.0,M,,*45
[2026-01-01 08:02:40.000] !AIVDM,1,1,,A,1>pf7h@01pO`eulL`pd3Q2l1P000,0*57
[2026-01-01 08:02:40.000] $PSMT,VDI,A,1500,50,8,50,10,600,100,-91,4100,*1A
[2026-01-01 08:02:40.000] !AIVDM,1,1,,A,1>pf7hP01EOaKd:LUu<:S8L1P000,0*53
[2026-01-01 08:02:40.000] $PSMT,VDI,A,1500,50,8,50,10,600,100,-92,4100,*19
[2026-01-01 08:02:40.000] !AIVDM,1,1,,A,1>pf7hh00tOa=10LWWm725`1P000,0*4E
[2026-01-01 08:02:40.000] $PSMT,VDI,A,1500,50,8,50,10,600,100,-93,4100,*18
[2026-01-01 08:02:42.000] !AIVDO,1,1,,A,1>pf7h000jO`=jDLW9jihQJ1P000,0*07
[2026-01-01 08:02:42.000] $GPRMC,080242.00,A,5000.1611,N,00511.7494,W,5.0,45.0,010126,,,A*79
[2026-01-01 08:02:42.000] $GPGGA,080242.00,5000.1611,N,00511.7494,W,1,08,0.9,10.0,M,48.0,M,,*47
[2026-01-01 08:02:42.000] !AIVDM,1,1,,A,1>pf7h@01pO`f12L`pd3Q2l1P000,0*4E
[2026-01-01 08:02:42.000] $PSMT,VDI,A,1500,50,8,50,10,600,100,-91,4100,*1A
[2026-01-01 08:02:42.000] !AIVDM,1,1,,A,1>pf7hP01EOaKapLUu<:S8L1P000,0*1C
[2026-01-01 08:02:42.000] $PSMT,VDI,A,1500,50,8,50,10,600,100,-92,4100,*19
[2026-01-01 08:02:42.000] !AIVDM,1,1,,A,1>pf7hh00tOa=10LWWdo25`1P000,0*1F
[2026-01-01 08:02:42.000] $PSMT,VDI,A,1500,50,8,50,10,600,100,-93,4100,*18
[2026-01-01 08:02:44.000] !AIVDO,1,1,,A,1>pf7h000jO`=k@LW9oQhQJ1P000,0*3F
[2026-01-01 08:02:44.000] $GPRMC,080244.00,A,5000.1630,N,00511.7464,W,5.0,45.0,010126,,,A*73
[2026-01-01 08:02:44.000] $GPGGA,080244.00,5000.1630,N,00511.7464,W,1,08,0.9,10.0,M,48.0,M,,*4D
[2026-01-01 08:02:44.000] !AIVDM,1,1,,A,1>pf7h@01pO`f4BL`pd3Q2l1P000,0*3B
[2026-01-01 08:02:44.000] $PSMT,VDI,A,1500,50,8,50,10,600,100,-91,4100,*1A
[2026-01-01 08:02:44.000] !AIVDM,1,1,,A,1>pf7hP01EOaKWTLUu<:S8L1P000,0*0E
[2026-01-01 08:02:44.000] $PSMT,VDI,A,1500,50,8,50,10,600,100,-92,4100,*19
[2026-01-01 08:02:44.000] !AIVDM,1,1,,A,1>pf7hh00tOa=10LWWTG25`1P000,0*07
[2026-01-01 08:02:44.000] $PSMT,VDI,A,1500,50,8,50,10,600,100,-93,4100,*18
[2026-01-01 08:02:46.000] !AIVDO,1,1,,A,1>pf7h000jO`=l>LW9tQhQJ1P000,0*5D
[2026-01-01 08:02:46.000] $GPRMC,080246.00,A,5000.1650,N,00511.7433,W,5.0,45.0,010126,,,A*75
[2026-01-01 08:02:46.000] $GPGGA,080246.00,5000.1650,N,00511.7433,W,1,08,0.9,10.0,M,48.0,M,,*4B
[2026-01-01 08:02:46.000] !AIVDM,1,1,,A,1>pf7h@01pO`f7RL`pd3Q2l1P000,0*28
[2026-01-01 08:02:46.000] $PSMT,VDI,A,1500,50,8,50,10,600,100,-91,4100,*1A
[2026-01-01 08:02:46.000] !AIVDM,1,1,,A,1>pf7hP01EOaKUBLUu<:S8L1P000,0*1A
[2026-01-01 08:02:46.000] $PSMT,VDI,A,1500,50,8,50,10,600,100,-92,4100,*19
[2026-01-01 08:02:46.000] !AIVDM,1,1,,A,1>pf7hh00tOa=10LWWL725`1P000,0*6F
[2026-01-01 08:02:46.000] $PSMT,VDI,A,1500,50,8,50,10,600,100,-93,4100,*18
[2026-01-01 08:02:48.000] !AIVDO,1,1,,A,1>pf7h000jO`=m:LW:1QhQJ1P000,0*1E
[2026-01-01 08:02:48.000] $GPRMC,080248.00,A,5000.1670,N,00511.7403,W,5.0,45.0,010126,,,A*7A
[2026-01-01 08:02:48.000] $GPGGA,080248.00,5000.1670,N,00511.7403,W,1,08,0.9,10.0,M,48.0,M,,*44
[2026-01-01 08:02:48.000] !AIVDM,1,1,,A,1>pf7h@01pO`f:jL`pd3Q2l1P000,0*1D
[2026-01-01 08:02:48.000] $PSMT,VDI,A,1500,50,8,50,10,600,100,-91,4100,*1A
[2026-01-01 08:02:48.000] !AIVDM,1,1,,A,1>pf7hP01EOaKRvLUu<:S8L1P000,0*29
[2026-01-01 08:02:48.000] $PSMT,VDI,A,1500,50,8,50,10,600,100,-92,4100,*19
[2026-01-01 08:02:48.000] !AIVDM,1,1,,A,1>pf7hh00tOa=10LWWCo25`1P000,0*38
[2026-01-01 08:02:48.000] $PSMT,VDI,A,1500,50,8,50,10,600,100,-93,4100,*18
[2026-01-01 08:02:50.000] !AIVDO,1,1,,A,1>pf7h000jO`=n8LW:6AhQJ1P000,0*08
[2026-01-01 08:02:50.000] $GPRMC,080250.00,A,5000.1689,N,00511.7372,W,5.0,45.0,010126,,,A*74
[2026-01-01 08:02:50.000] $GPGGA,080250.00,5000.1689,N,00511.7372,W,1,08,0.9,10.0,M,48.0,M,,*4A
[2026-01-01 08:02:50.000] !AIVDM,1,1,,A,1>pf7h@01pO`f>2L`pd3Q2l1P000,0*41
[2026-01-01 08:02:50.000] $PSMT,VDI,A,1500,50,8,50,10,600,100,-91,4100,*1A
[2026-01-01 08:02:50.000] !AIVDM,1,1,,A,1>pf7hP01EOaKPdLUu<:S8L1P000,0*39
[2026-01-01 08:02:50.000] $PSMT,VDI,A,1500,50,8,50,10,600,100,-92,4100,*19
[2026-01-01 08:02:50.000] !AIVDM,1,1,,A,1>pf7hh00tOa=10LWW;G25`1P000,0*68
[2026-01-01 08:02:50.000] $PSMT,VDI,A,1500,50,8,50,10,600,100,-93,4100,*18
[2026-01-01 08:02:52.000] !AIVDO,1,1,,A,1>pf7h000jO`=o6LW:;AhQJ1P000,0*0A
[2026-01-01 08:02:52.000] $GPRMC,080252.00,A,5000.1709,N,00511.7341,W,5.0,45.0,010126,,,A*7F
[2026-01-01 08:02:52.000] $GPGGA,080252.00,5000.1709,N,00511.7341,W,1,08,0.9,10.0,M,48.0,M,,*41
[2026-01-01 08:02:52.000] !AIVDM,1,1,,A,1>pf7h@01pO`fABL`pd3Q2l1P000,0*4E
[2026-01-01 08:02:52.000] $PSMT,VDI,A,1500,50,8,50,10,600,100,-91,4100,*1A
[2026-01-01 08:02:52.000] !AIVDM,1,1,,A,1>pf7hP01EOaKNJLUu<:S8L1P000,0*09
[2026-01-01 08:02:52.000] $PSMT,VDI,A,1500,50,8,50,10,600,100,-92,4100,*19
[2026-01-01 08:02:52.000] !AIVDM,1,1,,A,1>pf7hh00tOa=10LWW3725`1P000,0*10
[2026-01-01 08:02:52.000] $PSMT,VDI,A,1500,50,8,50,10,600,100,-93,4100,*18
[2026-01-01 08:02:54.000] !AIVDO,1,1,,A,1>pf7h000jO`=p2LW:@1hQJ1P000,0*1A
[2026-01-01 08:02:54.000] $GPRMC,080254.00,A,5000.1728,N,00511.7311,W,5.0,45.0,010126,,,A*7F
[2026-01-01 08:02:54.000] $GPGGA,080254.00,5000.1728,N,00511.7311,W,1,08,0.9,10.0,M,48.0,M,,*41
[2026-01-01 08:02:54.000] !AIVDM,1,1,,A,1>pf7h@01pO`fDPL`pd3Q2l1P000,0*59
[2026-01-01 08:02:54.000] $PSMT,VDI,A,1500,50,8,50,10,600,100,-91,4100,*1A
[2026-01-01 08:02:54.000] !AIVDM,1,1,,A,1>pf7hP01EOaKL6LUu<:S8L1P000,0*77
[2026-01-01 08:02:54.000] $PSMT,VDI,A,1500,50,8,50,10,600,100,-92,4100,*19
[2026-01-01 08:02:54.000] !AIVDM,1,1,,A,1>pf7hh00tOa=10LWVro25`1P000,0*08
[2026-01-01 08:02:54.000] $PSMT,VDI,A,1500,50,8,50,10,600,100,-93,4100,*18
[2026-01-01 08:02:56.000] !AIVDO,1,1,,A,1>pf7h000jO`=q0LW:E1hQJ1P000,0*1C
[2026-01-01 08:02:56.000] $GPRMC,080256.00,A,5000.1748,N,00511.7280,W,5.0,45.0,010126,,,A*72
[2026-01-01 08:02:56.000] $GPGGA,080256.00,5000.1748,N,00511.7280,W,1,08,0.9,10.0,M,48.0,M,,*4C
[2026-01-01 08:02:56.000] !AIVDM,1,1,,A,1>pf7h@01pO`fGhL`pd3Q2l1P000,0*62
[2026-01-01 08:02:56.000] $PSMT,VDI,A,1500,50,8,50,10,600,100,-91,4100,*1A
[2026-01-01 08:02:56.000] !AIVDM,1,1,,A,1>pf7hP01EOaKIlLUu<:S8L1P000,0*28
[2026-01-01 08:02:56.000] $PSMT,VDI,A,1500,50,8,50,10,600,100,-92,4100,*19
[2026-01-01 08:02:56.000] !AIVDM,1,1,,A,1>pf7hh00tOa=10LWVjG25`1P000,0*38
[2026-01-01 08:02:56.000] $PSMT,VDI,A,1500,50,8,50,10,600,100,-93,4100,*18
[2026-01-01 08:02:58.000] !AIVDO,1,1,,A,1>pf7h000jO`=qtLW:J1hQJ1P000,0*57
[2026-01-01 08:02:58.000] $GPRMC,080258.00,A,5000.1768,N,00511.7250,W,5.0,45.0,010126,,,A*73
[2026-01-01 08:02:58.000] $GPGGA,080258.00,5000.1768,N,00511.7250,W,1,08,0.9,10.0,M,48.0,M,,*4D
[2026-01-01 08:02:58.000] !AIVDM,1,1,,A,1>pf7h@01pO`fK0L`pd3Q2l1P000,0*36
[2026-01-01 08:02:58.000] $PSMT,VDI,A,1500,50,8,50,10,600,100,-91,4100,*1A
[2026-01-01 08:02:58.000] !AIVDM,1,1,,A,1>pf7hP01EOaKGPLUu<:S8L1P000,0*1A
[2026-01-01 08:02:58.000] $PSMT,VDI,A,1500,50,8,50,10,600,100,-92,4100,*19
[2026-01-01 08:02:58.000] !AIVDM,1,1,,A,1>pf7hh00tOa=10LWVb725`1P000,0*40
[2026-01-01 08:02:58.000] $PSMT,VDI,A,1500,50,8,50,10,600,100,-93,4100,*18
